✔ ordinary engineering work reuses explicit authorization through public approval and CLI (643.212917ms)
✔ product design can continue after independent review without a repeated human reply (161.879084ms)
✔ source approval continuation is verified by all three dedicated receivers (1000.933708ms)
✔ Plan entry consumes continuation and still blocks incomplete checks (207.621292ms)
✔ implementation continuation preserves contract, repository and write-path checks (300.869791ms)
✔ conflicting direct decision and continuation references are rejected (1.751834ms)
✔ no reply and revoked source authorization cannot continue (191.798292ms)
✔ new scope, new target and side effects cannot inherit authorization (6.547708ms)
✔ material changes and unclassified changes require a decision (188.016583ms)
✔ new risk, quality reduction or changed authorization cannot be labelled cosmetic (396.294792ms)
✔ self review, wrong expertise, missing comparisons and stale verification block (389.816625ms)
✔ external policy unknown, missing approvals and changed policy cannot be waived (483.808666ms)
✔ suggestions do not block, unresolved defects and missing evidence do (386.972709ms)
✔ formatting refresh requires new current review but not another source reply (189.514125ms)
✔ older receivers without continuation capability reject rather than silently approve (3.590458ms)
✔ one review bundle retains explicit per-check outcomes and rejects duplicates (904.70125ms)
ℹ tests 16
ℹ suites 0
ℹ pass 16
ℹ fail 0
ℹ cancelled 0
ℹ skipped 0
ℹ todo 0
ℹ duration_ms 5528.29225
