✔ Node runtime contract exposes a vendored YAML parser for distributed scripts (5.036541ms)
Cloning into '/private/var/folders/8d/60y8vj2j0nn37t4h26zbvvhw0000gn/T/yss-plugin-test-clis-pINJZY/test-temp/serial-12/yss-gitlink-pPEt9h/super/apps/backend/billing-service'...
done.
HEAD is now at 3782d50 init child
Cloning into '/private/var/folders/8d/60y8vj2j0nn37t4h26zbvvhw0000gn/T/yss-plugin-test-clis-pINJZY/test-temp/serial-12/yss-gitlink-yztdwX/super/apps/backend/billing-service'...
done.
Reset branch 'main'
✔ YAML aliases are rejected before a repository manifest is materialized (3.688917ms)
✔ repository mode public seam is executable by Node (0.347333ms)
✔ vendored XML parser rejects DOCTYPE and preserves scalar text (2.850958ms)
✔ implementation path policy preserves harness and external-repository boundaries (0.337084ms)
✔ repository_scope git-submodule is a first-class layout distinct from harness-apps (979.378166ms)
✔ Node lifecycle registry verifier preserves the published semantic baseline (208.864167ms)
✔ public skill export preserves its portable manifest and blocks workstation paths (617.513625ms)
✔ evidence index writes pending and checkpointed Node records with legacy failure semantics (332.200333ms)
ℹ tests 9
ℹ suites 0
ℹ pass 9
ℹ fail 0
ℹ cancelled 0
ℹ skipped 0
ℹ todo 0
ℹ duration_ms 2189.06675
