✔ opted-in runtime policy rejects implicit selection for an explicit entry (19.95075ms)
✔ opted-in runtime policy requires explicit false instead of missing metadata (11.01475ms)
✔ runtime policy rejects non-boolean metadata and accidental suppression of model entries (10.761333ms)
✔ runtime metadata policy is additive for existing registries and accepts host default true (40.930542ms)
✔ unknown runtime metadata policy versions fail closed (6.739959ms)
✔ unknown layer is rejected (7.035459ms)
✔ shadow registry cannot be marked as runtime consumed (6.696375ms)
✔ alias that collides with another id is rejected (7.615292ms)
✔ missing Cursor runtime root is rejected (7.030917ms)
✔ skill invocation contract is required and derives impact triggers (13.702292ms)
✔ typed dependency metadata rejects unregistered skills (7.988333ms)
✔ nested SKILL.md requires an external_skills source registration (7.934125ms)
✔ context-required typed dependencies reject cycles (6.714041ms)
✔ 实现合同编译器合同不得重复 typed dependency 事实 (10.683458ms)
✔ platform aliases resolve lifecycle external runtime entries (7.059959ms)
✔ deprecated research alias resolves to yss-research in lifecycle routes (6.618791ms)
✔ lifecycle route with an unregistered skill is rejected (6.736ms)
✔ prototype design route requires independent prototype-review (6.931292ms)
✔ deprecated skills require migration and cleanup metadata (6.157708ms)
✔ code-review route without specialist supporting skills is rejected (6.897ms)
✔ code-review route without review_standards_route is rejected (6.852958ms)
✔ code-review route cannot replace the unique default review skill (6.366292ms)
✔ code-review route accepts specialist check inputs on the unique skill (6.538042ms)
✔ code-review route without finding_disposition is rejected (6.631875ms)
✔ code-review route cannot let the reviewer write implementation (6.380958ms)
✔ code-review route forbids mandatory waiver of triggered gates (6.589708ms)
✔ review_input without finding disposition completion flags is rejected (6.608167ms)
✔ frontend conditional routes require registered skills (6.269333ms)
✔ Pi invocation metadata rejects missing restrictions and non-boolean flags in all profiles (140.908625ms)
ℹ tests 29
ℹ suites 0
ℹ pass 29
ℹ fail 0
ℹ cancelled 0
ℹ skipped 0
ℹ todo 0
ℹ duration_ms 451.299041
