{
  "result": "verified",
  "files": 911,
  "source": {
    "state": "working-tree",
    "base_commit": "96fc6c6e5362e0df17ab203768d9eb14f1102e49",
    "content_commit": null,
    "distribution": "development-only"
  },
  "skills": 1,
  "integrity_only": true,
  "ready_for_agent": false,
  "release_ready": false,
  "external_dependencies": {
    "platform": [
      {
        "requested": "product-design:index",
        "provider": "product-design",
        "availability": "unverified",
        "packaging": "external"
      }
    ],
    "node_modules": []
  },
  "cli": {
    "name": "create-yss-spec",
    "version": "3.5.1",
    "cli_commit": "950f1e5e9ed76c8841b0a3a3ad230fc01e473ef3",
    "template_commit": "744c9689f2488b8c31e7a4ccdbd97e44ca732578",
    "snapshot_hash": "c4850c0c44b0ab3cab3e6585cd51eb90a752d355b57dacb659c888e09d194680",
    "manifest_hash": "d5a3b1e8f7b1bfe2f616acbe31abb4710927cd61d432d5e07990c59149435f3d"
  },
  "pending": [
    "business-lifecycle-verification",
    "installed-session-verification"
  ],
  "output": "/private/var/folders/8d/60y8vj2j0nn37t4h26zbvvhw0000gn/T/yss-plugin-test-clis-pINJZY/fixture/yss-backend-delivery",
  "phase": "entry-and-migration",
  "development_only": true
}
