✔ modular CLI entry exposes runCli (0.371417ms)
✔ legacy src/cli.js is only a compatibility bridge (0.058208ms)
✔ command modules expose stable execution seams (0.055375ms)
✔ init generates a slim project with one runtime (688.944791ms)
✔ sync preserves the init distribution boundary (847.814584ms)
✔ attach verifies the generated template under an ASCII locale (527.6695ms)
✔ init fails closed for unsupported template identity (683.09325ms)
✔ dry-run previews the plan without writing or deleting files (497.078917ms)
✔ non-empty target requires --force, and --git-init initializes a repository (687.020875ms)
✔ manifest-driven issue tracker option renders output (572.701917ms)
✔ bundled template snapshot excludes untracked source files (540.707875ms)
✔ sync rejects projects without template metadata (154.787833ms)
✔ sync updates unchanged managed files and restores missing managed files (890.188958ms)
✔ sync dry-run previews changes without mutating files or metadata (692.743958ms)
✔ legacy attach dry-run excludes sync rollout docs from template additions (603.907875ms)
✔ sync skips locally modified managed files and reports removed managed files (864.160333ms)
✔ attach dry-run previews an arbitrary existing project without writing or deleting .git (272.275583ms)
✔ attach applies management assets while preserving runtime files and .git (525.502708ms)
✔ attach preserves an existing project README without requiring force (548.638917ms)
✔ attach rejects an existing metadata file and directs the user to sync (159.390334ms)
✔ attach blocks flat legacy tickets as unsafe even with force (307.509958ms)
✔ attach migrates a known legacy template path before writing metadata (687.201958ms)
✔ attach migrates the legacy issues directory into tickets (553.885375ms)
✔ attach blocks a conflicting legacy issues migration before writing (266.834416ms)
✔ sync force preserves project-owned README (816.36625ms)
✔ sync force preserves flat tickets without treating them as legacy migrations (799.317875ms)
✔ sync force does not overwrite a non-baseline managed file (900.797042ms)
✔ sync converts a valid template-source identity to project-instance (860.9345ms)
✔ attach blocks intermediate symlinks before writing outside the project (248.9975ms)
✔ init fails closed on an empty gitlink even with --force (268.389625ms)
✔ attach fails closed on an empty gitlink even with --force (267.948917ms)
✔ init fails closed on a detached HEAD gitlink worktree (346.916625ms)
✔ attach on a harness with gitlink does not rewrite .gitmodules or the mount (735.965375ms)
✔ help flags print usage, commands, options, examples, and learn more (110.037416ms)
✔ attach, sync, and update help flags print the same usage without requiring a target (146.401583ms)
✔ version flags print the package version and exit (110.077958ms)
✔ subcommand version flags print the package version without requiring a target (36.385ms)
✔ unknown arguments still fail closed (35.944917ms)
✔ Plan 阶段分发只读诊断及离线解析闭包 (7.748959ms)
✔ production sync uses modular planner, lifecycle policies and transaction stack (1920.947042ms)
✔ sync refreshes generated skill lock before project verification (960.113208ms)
✔ force sync keeps registered project skills and approved project assets (1502.750875ms)
ℹ tests 42
ℹ suites 0
ℹ pass 42
ℹ fail 0
ℹ cancelled 0
ℹ skipped 0
ℹ todo 0
ℹ duration_ms 21817.865792
