✔ ordinary engineering work reuses explicit authorization through public approval and CLI (442.285ms)
✔ product design can continue after independent review without a repeated human reply (73.049ms)
✔ source approval continuation is verified by all three dedicated receivers (802.960625ms)
✔ Plan entry consumes continuation and still blocks incomplete checks (161.752667ms)
✔ implementation continuation preserves contract, repository and write-path checks (217.086459ms)
✔ conflicting direct decision and continuation references are rejected (2.085625ms)
✔ no reply and revoked source authorization cannot continue (153.264292ms)
✔ new scope, new target and side effects cannot inherit authorization (6.777375ms)
✔ material changes and unclassified changes require a decision (152.485875ms)
✔ new risk, quality reduction or changed authorization cannot be labelled cosmetic (321.215959ms)
✔ self review, wrong expertise, missing comparisons and stale verification block (298.867583ms)
✔ external policy unknown, missing approvals and changed policy cannot be waived (367.40025ms)
✔ suggestions do not block, unresolved defects and missing evidence do (297.888917ms)
✔ formatting refresh requires new current review but not another source reply (157.993542ms)
✔ older receivers without continuation capability reject rather than silently approve (5.154042ms)
✔ one review bundle retains explicit per-check outcomes and rejects duplicates (12.236834ms)
ℹ tests 16
ℹ suites 0
ℹ pass 16
ℹ fail 0
ℹ cancelled 0
ℹ skipped 0
ℹ todo 0
ℹ duration_ms 3537.924416
