YSS implementation contract compiler stage 7 scenarios passed
✔ combines narrow recipes once and preserves deterministic output (11.882708ms)
✔ does not promote conditional or component dependencies without explicit input (1.444667ms)
✔ loads only explicitly satisfied context-conditional dependencies (0.715375ms)
✔ requires a platform binding for every backend component capability (1.021708ms)
✔ public compiler entry preserves stable component error codes (13.754041ms)
✔ rejects recipes that reference skills and context-required cycles (1.997917ms)
✔ rejects removed ids and schema v1 without compatibility (0.266875ms)
✔ marks digest drift stale and validates v2 execution evidence (4.235833ms)
✔ marks legacy component contracts without component bindings stale (1.829917ms)
✔ current lifecycle scaffold contract delegates platform facts to the catalog (0.431083ms)
✔ registered component imports and Maven artifacts discover omitted auxiliary skills on their own platform (293.71975ms)
✔ HTTP and DTO are discovered without reported skill impacts (224.551667ms)
✔ renamed controller, annotated interface and local composed annotation stay in coverage (155.727042ms)
✔ missing one rule and duplicate rows cannot masquerade as complete skill review (170.102416ms)
✔ rule-level N/A is allowed for absent pagination, never for the required use-case boundary (160.728125ms)
✔ missing semantics, stale rule and evidence cannot pass (185.062333ms)
✔ baseline can be clean and lacks business Spec but never authorizes implementation (167.69275ms)
✔ baseline evidence binds current code and filesystem modes (163.667541ms)
✔ domain-driven: discover violation → remediation → fresh independent protocol → full reconciliation (241.373792ms)
✔ layered-mvc: discover violation → remediation → fresh independent protocol → full reconciliation (177.433084ms)
✔ keeps registered boot2-java8, manual streaming endpoints need no CRUD metadata (154.8155ms)
✔ keeps registered boot3-java17, manual streaming endpoints need no CRUD metadata (148.839834ms)
✔ MyBatis from mapper XML is detected without Java Mapper naming (127.329875ms)
✔ empty or unparsed business scope cannot claim conformance (122.16775ms)
✔ unknown external annotation requires source-bound responsibility evidence (121.890209ms)
✔ exact registered platform rejects wrong Validation namespace without upgrading JDK (107.056625ms)
✔ comment and string type names are not architecture dependencies (126.011333ms)
✔ persistence cannot import Web DTO even when behavioral assertions are green (127.509583ms)
✔ CLI compilation is read-only and can audit without a Slice or scaffold manifest (213.409042ms)
✔ unclassified existing type is a coverage gap, not an automatic N/A (99.173542ms)
✔ changed source index or wire profile invalidates the locked skill even when SKILL.md is unchanged (125.220834ms)
✔ an empty, skipped or historical test report cannot prove first slice behavior (11.202375ms)
✔ matrix subset excludes unrequested candidates without calling them passed (193.738709ms)
✔ reduced historical v2 is readable but never executable (874.083959ms)
✔ v3 verification separates structural reading from real bound approval and freshness (2302.136333ms)
✔ responsibility bindings accept renamed types and require no unused persistence/page adapter (550.507584ms)
✔ independent Standards and Spec record covers every applicable skill (2636.038834ms)
✔ review refuses omitted skill (2106.124666ms)
✔ review refuses self review (1910.262542ms)
✔ review refuses stale candidate (1883.332792ms)
✔ review refuses missing rule evidence (1943.011708ms)
✔ review refuses tests green but standards violation (1911.524209ms)
✔ review refuses stale verification bytes (1905.121584ms)
✔ workflow cannot complete review without persisted review inputs (0.348208ms)
✔ actual impact skills cannot be marked not-applicable (1885.587041ms)
✔ untracked executable mode is part of candidate identity (1866.128375ms)
✔ v2 migration preserves old bytes and extra evidence, reduces fields, and never inherits approval (991.150583ms)
ℹ {"v1_fields":31,"v2_fields":23,"reduction":0.25806451612903225}
✔ preparation generates all digests and rejects conflicting sources; actual review governs consumption (567.634417ms)
✔ both API versions reject mismatched Drafts, unresolved review findings, missing evidence and stale versions (1738.865459ms)
✔ design/backend/frontend receivers expose identical review and task constraints using original YAML (2736.323ms)
✔ a validation operation rejects changed bytes and additions, and the next operation reads fresh input (5.550292ms)
✔ child dependency receipts reject missing, conflicting, and changed sources including policy/schema/message bytes (7.469792ms)
✔ stages isolate immutable parsed values, purposes, roots, units and read-only state; cancellation rejects success (0.824208ms)
✔ branded execution context rejects serialization, another root, read-only upgrade and reuse after its stage (1604.775041ms)
✔ strict YAML and schema batching preserve duplicates, precision, array order, options and error order (87.29225ms)
✔ review is compact, retains acceptance, and never authorizes execution; task retains every constraint (1895.116916ms)
✔ all lifecycle asset groups remain readable and preserve unclassified constraints without granting execution (2851.154167ms)
✔ review keeps its summary byte budget while retaining all mandatory global constraints; task includes verification cwd and evidence (1231.618291ms)
✔ frozen Ticket keeps tracker updates outside the requirement binding and rejects changed requirements (2385.474916ms)
✔ low risk applicability comes from lifecycle rules; frontend existing baseline cannot hide UI changes (1969.538375ms)
✔ preparation reports independent missing sources together and blocked drafts remain diagnostic-only (984.782334ms)
✔ review reads each aliased source once and exposes missing explanations without repeating acceptance (1128.362666ms)
✔ registered cross-repo preparation and approved dispatch keep same-name paths and cwd distinct (9711.461625ms)
✔ cross-repo execution result rejects same-name evidence substitution and missing joint dependencies (31048.902ms)
✔ existing UI baseline is fully verified and cannot replace new UI design evidence (1384.854084ms)
✔ preparation blocks compiler basis changes during a single invocation (1347.491ms)
✔ v3 inherits constraints once and refuses task scope expansion and omitted acceptance (295.170959ms)
✔ preparation reuses Ticket facts, renders persisted YAML and refuses source drift (570.566ms)
✔ MVC v3 requires real approval bindings and independent review before execution (8950.414958ms)
✔ backend and frontend receiving distributions read the same authoritative v3 constraints (1525.240625ms)
✔ conditional contracts and source bindings never turn missing information into not-applicable (646.085125ms)
✔ explicit v2 migration preserves effective scope, rejects conflicts and never inherits approval (411.424125ms)
✔ frontend and cross-repository extensions preserve required inputs and order (281.903375ms)
✔ diff reports byte changes, array order and unknown upstream history without granting continuation (7.773792ms)
✔ DDD design remains a single bound source with its slice-specific invariants visible (144.452708ms)
✔ stage work item cannot be disguised as the implementation contract ticket (72.82175ms)
ℹ tests 76
ℹ suites 0
ℹ pass 76
ℹ fail 0
ℹ cancelled 0
ℹ skipped 0
ℹ todo 0
ℹ duration_ms 50102.114958
