✖ every receiving template matches the effective bytes in its shared tool lock (10.563375ms)
✔ design/backend/frontend receivers expose identical review and task constraints using original YAML (1734.735167ms)
ℹ tests 2
ℹ suites 0
ℹ pass 1
ℹ fail 1
ℹ cancelled 0
ℹ skipped 0
ℹ todo 0
ℹ duration_ms 1804.588

✖ failing tests:

test at scripts/fixtures/contract-efficiency/distribution.test.mjs:9:1
✖ every receiving template matches the effective bytes in its shared tool lock (10.563375ms)
  AssertionError [ERR_ASSERTION]: submodules/yss-harness-backend-agent/scripts/verify-frontend-implementation-evidence: projected bytes differ from lock
  + actual - expected
  
  + 'sha256:630990a44c73e12df6177232ec5e02903b56c7e2579538c541e356b189990d42'
  - 'sha256:79a8cda62143be9f3322577e2b1f597806bbb53af06d82aa99d6b31165e79ccc'
  
      at TestContext.<anonymous> (file:///Users/zhudaoming/Projects/yss-spec-project-template/scripts/fixtures/contract-efficiency/distribution.test.mjs:14:11)
      at Test.runInAsyncScope (node:async_hooks:227:14)
      at Test.run (node:internal/test_runner/test:1402:25)
      at Test.start (node:internal/test_runner/test:1262:17)
      at startSubtestAfterBootstrap (node:internal/test_runner/harness:387:17) {
    generatedMessage: false,
    code: 'ERR_ASSERTION',
    actual: 'sha256:630990a44c73e12df6177232ec5e02903b56c7e2579538c541e356b189990d42',
    expected: 'sha256:79a8cda62143be9f3322577e2b1f597806bbb53af06d82aa99d6b31165e79ccc',
    operator: 'strictEqual',
    diff: 'simple'
  }
