✔ modular CLI entry exposes runCli (0.365458ms)
✔ legacy src/cli.js is only a compatibility bridge (0.057375ms)
✔ command modules expose stable execution seams (0.053541ms)
✔ init generates a slim project with one runtime (696.150375ms)
✔ sync preserves the init distribution boundary (922.066417ms)
✔ attach verifies the generated template under an ASCII locale (596.1275ms)
✔ init fails closed for unsupported template identity (768.859292ms)
✔ dry-run previews the plan without writing or deleting files (551.481584ms)
✔ non-empty target requires --force, and --git-init initializes a repository (746.509042ms)
✔ manifest-driven issue tracker option renders output (602.226875ms)
✔ bundled template snapshot excludes untracked source files (585.673625ms)
✔ sync rejects projects without template metadata (172.22775ms)
✔ sync updates unchanged managed files and restores missing managed files (971.013916ms)
✔ sync dry-run previews changes without mutating files or metadata (771.277083ms)
✔ legacy attach dry-run excludes sync rollout docs from template additions (650.182292ms)
✔ sync skips locally modified managed files and reports removed managed files (993.661916ms)
✔ attach dry-run previews an arbitrary existing project without writing or deleting .git (309.0615ms)
✔ attach applies management assets while preserving runtime files and .git (609.41325ms)
✔ attach preserves an existing project README without requiring force (629.501125ms)
✔ attach rejects an existing metadata file and directs the user to sync (172.282917ms)
✔ attach blocks flat legacy tickets as unsafe even with force (293.521208ms)
✔ attach migrates a known legacy template path before writing metadata (576.221958ms)
✔ attach migrates the legacy issues directory into tickets (619.904833ms)
✔ attach blocks a conflicting legacy issues migration before writing (303.8095ms)
✔ sync force preserves project-owned README (913.336375ms)
✔ sync force preserves flat tickets without treating them as legacy migrations (921.600833ms)
✔ sync force does not overwrite a non-baseline managed file (975.005416ms)
✔ sync converts a valid template-source identity to project-instance (958.866666ms)
✔ attach blocks intermediate symlinks before writing outside the project (264.575708ms)
✔ init fails closed on an empty gitlink even with --force (297.851083ms)
✔ attach fails closed on an empty gitlink even with --force (281.100333ms)
✔ init fails closed on a detached HEAD gitlink worktree (351.329666ms)
✔ attach on a harness with gitlink does not rewrite .gitmodules or the mount (729.854917ms)
✔ help flags print usage, commands, options, examples, and learn more (118.07625ms)
✔ attach, sync, and update help flags print the same usage without requiring a target (150.672334ms)
✔ version flags print the package version and exit (114.537125ms)
✔ subcommand version flags print the package version without requiring a target (37.52775ms)
✔ unknown arguments still fail closed (37.258542ms)
✔ Plan 阶段分发只读诊断及离线解析闭包 (8.474916ms)
✔ production sync uses modular planner, lifecycle policies and transaction stack (1989.730583ms)
✔ sync refreshes generated skill lock before project verification (1012.1435ms)
✔ force sync keeps registered project skills and approved project assets (1638.867834ms)
ℹ tests 42
ℹ suites 0
ℹ pass 42
ℹ fail 0
ℹ cancelled 0
ℹ skipped 0
ℹ todo 0
ℹ duration_ms 23513.584541
