✖ generated development plugin is portable, deterministic and fails closed on corruption (729.016083ms)
ℹ tests 1
ℹ suites 0
ℹ pass 0
ℹ fail 1
ℹ cancelled 0
ℹ skipped 0
ℹ todo 0
ℹ duration_ms 802.573333

✖ failing tests:

test at .template-source/tooling/node/test/plugin-build.test.mjs:17:1
✖ generated development plugin is portable, deterministic and fails closed on corruption (729.016083ms)
  AssertionError [ERR_ASSERTION]: {"result":"blocked","error":"cli-source-not-pinned-and-clean","ready_for_agent":false}
  
  
  1 !== 0
  
      at TestContext.<anonymous> (file:///Users/zhudaoming/Projects/yss-spec-project-template/.template-source/tooling/node/test/plugin-build.test.mjs:23:10)
      at Test.runInAsyncScope (node:async_hooks:227:14)
      at Test.run (node:internal/test_runner/test:1402:25)
      at Test.start (node:internal/test_runner/test:1262:17)
      at startSubtestAfterBootstrap (node:internal/test_runner/harness:387:17) {
    generatedMessage: false,
    code: 'ERR_ASSERTION',
    actual: 1,
    expected: 0,
    operator: 'strictEqual',
    diff: 'simple'
  }
