✔ ordinary: 完整样本及预登记反例 (23.33025ms)
✔ complex: 完整样本及预登记反例 (6.005334ms)
✔ high-risk: 完整样本及预登记反例 (5.856709ms)
✔ 只读、确定性、报告绑定所有输入摘要；不写批准状态 (9.926292ms)
✔ 计划未知目标合法；引用权威 statement 不另造合同字段 (7.518208ms)
✔ 验收允许显式待补 Q；不宣称已覆盖 (5.549042ms)
✔ GFM 中文表头、转义竖线、行内代码与 Markdown 来源链接 (6.947375ms)
✔ 代码块、引用块与标注示例中的 ID 不混入正式需求 (8.533917ms)
✔ 旧格式仅尽力识别；无发现不等于合格 (4.069209ms)
✔ 新格式不能默默跳过没有 ID 表的章节 (5.200666ms)
✔ frontmatter 重复键、未闭合或解析失败退出 2 (7.660917ms)
✔ 本地准确章节定位；不存在的伪锚点不能通过 (9.203166ms)
✔ 外部 URL 保留未评估，不联网猜关联 (6.396333ms)
✔ 符号链接越界及越界路径不可被隐式读取 (3.510458ms)
✔ 源文档及其来源读取期间漂移均退出 2 (12.002333ms)
✔ diff 按 ID 增删改和引用变化；原始字节可精确重建新输入 (8.987917ms)
✔ 重排保留 ID；链接目标变化不被标签文本掩盖 (9.173625ms)
✔ 没有旧基线时明确无法比较，不能伪造空基线 (3.342875ms)
✔ Slice 追溯消费现有 acceptance/source/locator 和 verification 引用，不执行命令 (6.485167ms)
✔ 离线副本无 node_modules 可运行，stdout JSON 与退出码稳定 (126.262ms)
✔ 模板其他条件项也需不适用原因，示例行保持排除 (6.868292ms)
✔ 轻量 Plan 基线未知也必须给出补齐项 (5.998125ms)
✔ diff 对无法提取的章节明确未评估，不把解析缺口当作删除 (11.293458ms)
✔ Slice YAML 解析失败退出 2；有效但不支持的 schema 单独未评估 (7.648667ms)
ℹ tests 24
ℹ suites 0
ℹ pass 24
ℹ fail 0
ℹ cancelled 0
ℹ skipped 0
ℹ todo 0
ℹ duration_ms 354.5015
