✔ modular CLI entry exposes runCli (0.301292ms)
✔ legacy src/cli.js is only a compatibility bridge (0.050292ms)
✔ command modules expose stable execution seams (0.047625ms)
✔ init generates a slim project with one runtime (629.559417ms)
✔ sync preserves the init distribution boundary (833.138791ms)
✔ attach verifies the generated template under an ASCII locale (544.613417ms)
✔ init fails closed for unsupported template identity (690.019291ms)
✔ dry-run previews the plan without writing or deleting files (485.5885ms)
✔ non-empty target requires --force, and --git-init initializes a repository (640.896583ms)
✔ manifest-driven issue tracker option renders output (525.335625ms)
✔ bundled template snapshot excludes untracked source files (523.217ms)
✔ sync rejects projects without template metadata (161.196334ms)
✔ sync updates unchanged managed files and restores missing managed files (850.823042ms)
✔ sync dry-run previews changes without mutating files or metadata (692.091541ms)
✔ legacy attach dry-run excludes sync rollout docs from template additions (594.921667ms)
✔ sync skips locally modified managed files and reports removed managed files (886.530542ms)
✔ attach dry-run previews an arbitrary existing project without writing or deleting .git (272.575083ms)
✔ attach applies management assets while preserving runtime files and .git (524.866542ms)
✔ attach preserves an existing project README without requiring force (551.772833ms)
✔ attach rejects an existing metadata file and directs the user to sync (158.341166ms)
✔ attach blocks flat legacy tickets as unsafe even with force (271.755291ms)
✔ attach migrates a known legacy template path before writing metadata (520.350459ms)
✔ attach migrates the legacy issues directory into tickets (550.764916ms)
✔ attach blocks a conflicting legacy issues migration before writing (266.903375ms)
✔ sync force preserves project-owned README (788.127709ms)
✔ sync force preserves flat tickets without treating them as legacy migrations (787.942375ms)
✔ sync force does not overwrite a non-baseline managed file (895.029208ms)
✔ sync converts a valid template-source identity to project-instance (864.943125ms)
✔ attach blocks intermediate symlinks before writing outside the project (239.802625ms)
✔ init fails closed on an empty gitlink even with --force (247.786833ms)
✔ attach fails closed on an empty gitlink even with --force (245.044875ms)
✔ init fails closed on a detached HEAD gitlink worktree (319.021666ms)
✔ attach on a harness with gitlink does not rewrite .gitmodules or the mount (695.217291ms)
✔ help flags print usage, commands, options, examples, and learn more (104.635834ms)
✔ attach, sync, and update help flags print the same usage without requiring a target (139.997709ms)
✔ version flags print the package version and exit (104.627041ms)
✔ subcommand version flags print the package version without requiring a target (35.659625ms)
✔ unknown arguments still fail closed (37.648166ms)
✔ Plan 阶段分发只读诊断及离线解析闭包 (7.821417ms)
✔ production sync uses modular planner, lifecycle policies and transaction stack (1885.9815ms)
✔ sync refreshes generated skill lock before project verification (1004.431792ms)
✔ force sync keeps registered project skills and approved project assets (1472.765334ms)
ℹ tests 42
ℹ suites 0
ℹ pass 42
ℹ fail 0
ℹ cancelled 0
ℹ skipped 0
ℹ todo 0
ℹ duration_ms 21204.55925
