PASS 真实单项回复通过，CLI 校验通过
PASS 无回复保持等待
PASS rejected 不放行
PASS changes-requested 不放行
PASS unclear 不放行
PASS revoked 不放行
PASS 数字人代答无效
PASS 默认选项和无反对意见不能代替原始消息
PASS 记录原文与来源不一致无效
PASS 缺失来源和仅 Agent 摘要无效
PASS 来源篡改被拒绝
PASS 未展示当前请求不能批准
PASS 展示前回复无效
PASS 错误版本及批准依据变化重新确认
PASS 额外依据变化重新确认，无关文件不影响
PASS 同版本范围可重复使用且不按时间过期
PASS 范围扩大和错误事项无效
PASS 提问者指定负责人有效，未指定代答无效
PASS 多项继续无效，明确全部或部分批准有效
PASS 明确询问全部事项后的紧邻确认有效，普通多项展示仍需写明全部
PASS 不能把其他对话的同意嫁接为当前批准
PASS 无 reply-to 的完整相邻会话导出可复用
PASS 生物人会签者必须与原始回复者一致
PASS 相反原文不能被 Agent 归一化成批准
PASS 完整历史展示无需重发模板消息
PASS 同一事项分批批准保留已批准范围
PASS 撤回后不能复用旧批准
PASS 默认生物人门禁纳入解析和 checkpoint
PASS 历史数字人记录可读但不能关闭关键门禁
PASS 等待期间可保存状态但不能流转依赖工作
PASS 实施批准绑定切片、合同、仓库、路径和基线
用户决定场景验证通过：31 组
