✔ modular CLI entry exposes runCli (0.325125ms)
✔ legacy src/cli.js is only a compatibility bridge (0.056375ms)
✔ command modules expose stable execution seams (0.050542ms)
✔ init generates a slim project with one runtime (648.297208ms)
✔ sync preserves the init distribution boundary (830.690833ms)
✔ attach verifies the generated template under an ASCII locale (524.544708ms)
✔ init fails closed for unsupported template identity (682.660958ms)
✔ dry-run previews the plan without writing or deleting files (500.397917ms)
✔ non-empty target requires --force, and --git-init initializes a repository (683.7075ms)
✔ manifest-driven issue tracker option renders output (538.915292ms)
✔ bundled template snapshot excludes untracked source files (538.239541ms)
✔ sync rejects projects without template metadata (160.969334ms)
✔ sync updates unchanged managed files and restores missing managed files (866.096375ms)
✔ sync dry-run previews changes without mutating files or metadata (704.123791ms)
✔ legacy attach dry-run excludes sync rollout docs from template additions (592.498375ms)
✔ sync skips locally modified managed files and reports removed managed files (861.08275ms)
✔ attach dry-run previews an arbitrary existing project without writing or deleting .git (272.633125ms)
✔ attach applies management assets while preserving runtime files and .git (571.591042ms)
✔ attach preserves an existing project README without requiring force (588.636375ms)
✔ attach rejects an existing metadata file and directs the user to sync (163.993833ms)
✔ attach blocks flat legacy tickets as unsafe even with force (272.251708ms)
✔ attach migrates a known legacy template path before writing metadata (533.201583ms)
✔ attach migrates the legacy issues directory into tickets (558.692375ms)
✔ attach blocks a conflicting legacy issues migration before writing (266.360167ms)
✔ sync force preserves project-owned README (809.913917ms)
✔ sync force preserves flat tickets without treating them as legacy migrations (798.509542ms)
✔ sync force does not overwrite a non-baseline managed file (871.054084ms)
✔ sync converts a valid template-source identity to project-instance (867.7645ms)
✔ attach blocks intermediate symlinks before writing outside the project (247.757625ms)
✔ init fails closed on an empty gitlink even with --force (274.301833ms)
✔ attach fails closed on an empty gitlink even with --force (267.878041ms)
✔ init fails closed on a detached HEAD gitlink worktree (331.78375ms)
✔ attach on a harness with gitlink does not rewrite .gitmodules or the mount (678.254833ms)
✔ help flags print usage, commands, options, examples, and learn more (108.637292ms)
✔ attach, sync, and update help flags print the same usage without requiring a target (140.934417ms)
✔ version flags print the package version and exit (107.62825ms)
✔ subcommand version flags print the package version without requiring a target (36.506416ms)
✔ unknown arguments still fail closed (36.082583ms)
✔ Plan 阶段分发只读诊断及离线解析闭包 (8.006708ms)
✔ production sync uses modular planner, lifecycle policies and transaction stack (1906.650667ms)
✔ sync refreshes generated skill lock before project verification (935.945209ms)
✔ force sync keeps registered project skills and approved project assets (1521.052583ms)
ℹ tests 42
ℹ suites 0
ℹ pass 42
ℹ fail 0
ℹ cancelled 0
ℹ skipped 0
ℹ todo 0
ℹ duration_ms 21463.85375
