{
  "schema_version": 2,
  "blockers": [],
  "checks": [
    {
      "text": "必须由数据负责人确认导出范围",
      "in_review": false,
      "in_full": true
    },
    {
      "text": "发现新的导出字段时必须重新分析影响",
      "in_review": false,
      "in_full": true
    },
    {
      "text": "未知审批约束必须回到负责人",
      "in_review": false,
      "in_full": true
    }
  ]
}
{
  "schema_version": 3,
  "blockers": [],
  "checks": [
    {
      "text": "必须由数据负责人确认导出范围",
      "in_review": false,
      "in_full": true
    },
    {
      "text": "发现新的导出字段时必须重新分析影响",
      "in_review": false,
      "in_full": true
    },
    {
      "text": "未知审批约束必须回到负责人",
      "in_review": false,
      "in_full": true
    }
  ]
}
