✔ default Slice review retains v2 global and nested unknown constraints (541.649666ms)
✔ default Slice review retains v3 global and nested unknown constraints (970.358583ms)
✔ mechanical preparation keeps versions, risks, unknown constraints, and grants no approval (1.892084ms)
✔ missing originals and decisions give actionable gaps without fabricated approval (0.847042ms)
✔ stale source bindings remain visible in preparation (1.257458ms)
✔ same version changed bytes is a conflict (0.970458ms)
✔ valid original decision remains unapproved; stale reply source produces a gap (131.617916ms)
✔ all maintained task consumers accept intake and preserve empty writes (533.444667ms)
✔ four current CLI snapshots include the read-only producer and consumer (8.955042ms)
✔ design query parsing and binding use the same phase snapshot (42.382666ms)
✔ display changes invalidate content binding without changing published semantics (97.12225ms)
✔ identical queries bind deterministically, different queries bind independently (73.531792ms)
✔ source changes during a query fail instead of mixing snapshots (22.496667ms)
✔ an invalid identity fails even without an execution scope marker (0.196ms)
✔ read-only v2 requires no checkpoint and preserves v1 constraints (644.499334ms)
✔ observed completion with no command is explicitly not-executed (415.710417ms)
✔ real execution logs validate; source refs cannot impersonate a command log (288.700792ms)
✔ runner detects additions, modifications and deletions despite empty changed_files (450.517833ms)
✔ runtime evidence rejects traversal, absolute paths, and symlink escape (16.160542ms)
✔ declared verification cannot be silently replaced; ignored changes are observed (85.487958ms)
✔ exit code and stream bytes must match the recorded execution (221.50875ms)
[开始] node -e "console.log(123)"
[完成] node -e "console.log(123)" (37ms, exit=0)
[开始] node -e "process.exit(7)"
[失败] node -e "process.exit(7)" (31ms, exit=7)
[开始] node -e "setTimeout(()=>{},10000)"
✔ actual logs, deduplication, failures and wall time are distinct (72.46625ms)
[失败] node -e "setTimeout(()=>{},10000)" (103ms, exit=130)
✔ interruption preserves partial execution and marks remaining checks (103.430333ms)
✔ shadow executes exactly legacy; explains unrelated scenario exclusions (35.081042ms)
✔ unknown, mixed, executable, core, projection outside pilot, lock and release fail safe (50.163084ms)
✔ path sets cover add delete rename untracked; candidate and release cannot hide actual paths (5.823541ms)
✔ dependency closure and cycles/unknown dependency fail closed (5.447125ms)
✔ qualification binds configuration and source bytes; no automatic expansion (5.796625ms)
✔ missing dependency declaration retains the original check (4.064166ms)
ℹ tests 29
ℹ suites 0
ℹ pass 29
ℹ fail 0
ℹ cancelled 0
ℹ skipped 0
ℹ todo 0
ℹ duration_ms 2191.990542
