✔ new Plan: unique parent, inline item, no slice; check and plan are read-only (186.150166ms)
✔ Design entry uses checkpoint and never engineering parent (158.549042ms)
✔ existing Spec entry preserves approvals and records entry stage, not historical completion (86.908375ms)
✔ independent item has no duplicate progress; definition drift fails (162.201875ms)
✔ completion requires mapped, current evidence and frozen source digests (316.487916ms)
✔ refresh propagates only to dependents and retains previous evidence (98.898291ms)
✔ blocked dependency prevents start; unrelated work remains valid (321.090208ms)
✔ missing items block migration instead of inventing owner or acceptance (3.5115ms)
✔ legacy project accepted; enabled missing checkpoint ref rejected at transition (3.168167ms)
✔ transition requires current unit closure and persisted state (232.896ms)
✔ stage item cannot receive implementation readiness (222.16775ms)
✔ migration rejects source drift and altered plan; failed writes roll back (12.944834ms)
✔ migration protects symlink paths and profile boundaries (2.419083ms)
✔ remote tracker stays pending; local requires no remote issue (82.504792ms)
✔ CLI check/plan/apply roundtrip and meaningful exit codes (417.496375ms)
✔ deferral needs independent record and remains non-completed (306.318584ms)
✔ public transition entry cannot bypass tracking with a claimed WER (12.962208ms)
✔ dispatch rejects missing registration and permits independent pending work (224.364541ms)
✔ checkpoint schema embeds the canonical stage tracking schema exactly (0.354542ms)
✔ source changes during apply are detected and preserved while own writes roll back (8.073ms)
✔ migration preserves existing stable feature IDs independently of folder slugs (152.399208ms)
✔ a quoted stage-work-item moved under issues still cannot become an implementation ticket (2.048584ms)
✔ manual checkpoint edits cannot bypass required owner splitting (150.573875ms)
ℹ tests 23
ℹ suites 0
ℹ pass 23
ℹ fail 0
ℹ cancelled 0
ℹ skipped 0
ℹ todo 0
ℹ duration_ms 3216.422375
