✔ ordinary engineering work reuses explicit authorization through public approval and CLI (464.826666ms)
✔ product design can continue after independent review without a repeated human reply (74.041958ms)
✔ source approval continuation is verified by all three dedicated receivers (811.749791ms)
✔ Plan entry consumes continuation and still blocks incomplete checks (192.54925ms)
✔ implementation continuation preserves contract, repository and write-path checks (229.109791ms)
✔ conflicting direct decision and continuation references are rejected (2.168375ms)
✔ no reply and revoked source authorization cannot continue (150.013291ms)
✔ new scope, new target and side effects cannot inherit authorization (6.472ms)
✔ material changes and unclassified changes require a decision (146.739542ms)
✔ new risk, quality reduction or changed authorization cannot be labelled cosmetic (314.173708ms)
✔ self review, wrong expertise, missing comparisons and stale verification block (314.392834ms)
✔ external policy unknown, missing approvals and changed policy cannot be waived (379.420833ms)
✔ suggestions do not block, unresolved defects and missing evidence do (303.696833ms)
✔ formatting refresh requires new current review but not another source reply (152.831ms)
✔ older receivers without continuation capability reject rather than silently approve (4.4225ms)
✔ one review bundle retains explicit per-check outcomes and rejects duplicates (11.648875ms)
ℹ tests 16
ℹ suites 0
ℹ pass 16
ℹ fail 0
ℹ cancelled 0
ℹ skipped 0
ℹ todo 0
ℹ duration_ms 3622.404625
