🚀 开始生成项目: platform-service
📦 基础包名: com.yss.platform
📁 输出目录: /var/folders/8d/60y8vj2j0nn37t4h26zbvvhw0000gn/T/yss-platform-matrix-Dw2pXi/output

📁 创建项目目录结构...
  ✓ platform-service-domain
  ✓ platform-service-application
  ✓ platform-service-infrastructure
  ✓ platform-service-adapter
  ✓ platform-service-bootstrap
  ✓ platform-service-adapter/platform-service-web
  ✓ db

📝 生成 Maven POM 文件...
  ✓ 父级 pom.xml
  ✓ domain pom.xml
  ✓ application pom.xml
  ✓ infrastructure pom.xml
  ✓ adapter pom.xml
  ✓ web pom.xml
  ✓ bootstrap pom.xml

☕ 生成机械启动入口...
  ✓ PlatformServiceApplication.java
  ✓ ArchitectureRulesTest.java

⚙️  生成配置文件...
  ✓ application.yml
  ✓ application-scaffold-local.yml
  ✓ test H2 configuration
  ✓ logback-spring.xml

🗃️  保留数据库目录布局...
  ✓ db/（业务 schema 和初始化数据由批准切片合同生成）

📚 生成项目文档...
  ✓ README.md
  ✓ .yss/scaffold-generation.json

✅ 工程文件生成完成，等待受控 Maven 验证
📂 项目位置: /var/folders/8d/60y8vj2j0nn37t4h26zbvvhw0000gn/T/yss-platform-matrix-Dw2pXi/output/platform-service

🎯 下一步:
  cd /var/folders/8d/60y8vj2j0nn37t4h26zbvvhw0000gn/T/yss-platform-matrix-Dw2pXi/output/platform-service
  ./mvnw validate
  ./mvnw test
  ./mvnw package
  ./mvnw spring-boot:run -pl platform-service-bootstrap
✔ candidate rendering only: domain-driven spring-boot-2.7-jdk8 (681.082084ms)
🚀 开始生成项目: platform-service
📦 基础包名: com.yss.platform
📁 输出目录: /var/folders/8d/60y8vj2j0nn37t4h26zbvvhw0000gn/T/yss-platform-matrix-KE4O58/output

📁 创建项目目录结构...
  ✓ platform-service-domain
  ✓ platform-service-application
  ✓ platform-service-infrastructure
  ✓ platform-service-adapter
  ✓ platform-service-bootstrap
  ✓ platform-service-adapter/platform-service-web
  ✓ db

📝 生成 Maven POM 文件...
  ✓ 父级 pom.xml
  ✓ domain pom.xml
  ✓ application pom.xml
  ✓ infrastructure pom.xml
  ✓ adapter pom.xml
  ✓ web pom.xml
  ✓ bootstrap pom.xml

☕ 生成机械启动入口...
  ✓ PlatformServiceApplication.java
  ✓ ArchitectureRulesTest.java

⚙️  生成配置文件...
  ✓ application.yml
  ✓ application-scaffold-local.yml
  ✓ test H2 configuration
  ✓ logback-spring.xml

🗃️  保留数据库目录布局...
  ✓ db/（业务 schema 和初始化数据由批准切片合同生成）

📚 生成项目文档...
  ✓ README.md
  ✓ .yss/scaffold-generation.json

✅ 工程文件生成完成，等待受控 Maven 验证
📂 项目位置: /var/folders/8d/60y8vj2j0nn37t4h26zbvvhw0000gn/T/yss-platform-matrix-KE4O58/output/platform-service

🎯 下一步:
  cd /var/folders/8d/60y8vj2j0nn37t4h26zbvvhw0000gn/T/yss-platform-matrix-KE4O58/output/platform-service
  ./mvnw validate
  ./mvnw test
  ./mvnw package
  ./mvnw spring-boot:run -pl platform-service-bootstrap
✔ candidate rendering only: domain-driven spring-boot-3.5-jdk17 (618.234625ms)
🚀 开始生成项目: platform-service
📦 基础包名: com.yss.platform
📁 输出目录: /var/folders/8d/60y8vj2j0nn37t4h26zbvvhw0000gn/T/yss-platform-matrix-HzPvPH/output

📁 创建项目目录结构...
  ✓ platform-service-domain
  ✓ platform-service-application
  ✓ platform-service-infrastructure
  ✓ platform-service-adapter
  ✓ platform-service-bootstrap
  ✓ platform-service-adapter/platform-service-web
  ✓ db

📝 生成 Maven POM 文件...
  ✓ 父级 pom.xml
  ✓ domain pom.xml
  ✓ application pom.xml
  ✓ infrastructure pom.xml
  ✓ adapter pom.xml
  ✓ web pom.xml
  ✓ bootstrap pom.xml

☕ 生成机械启动入口...
  ✓ PlatformServiceApplication.java
  ✓ ArchitectureRulesTest.java

⚙️  生成配置文件...
  ✓ application.yml
  ✓ application-scaffold-local.yml
  ✓ test H2 configuration
  ✓ logback-spring.xml

🗃️  保留数据库目录布局...
  ✓ db/（业务 schema 和初始化数据由批准切片合同生成）

📚 生成项目文档...
  ✓ README.md
  ✓ .yss/scaffold-generation.json

✅ 工程文件生成完成，等待受控 Maven 验证
📂 项目位置: /var/folders/8d/60y8vj2j0nn37t4h26zbvvhw0000gn/T/yss-platform-matrix-HzPvPH/output/platform-service

🎯 下一步:
  cd /var/folders/8d/60y8vj2j0nn37t4h26zbvvhw0000gn/T/yss-platform-matrix-HzPvPH/output/platform-service
  ./mvnw validate
  ./mvnw test
  ./mvnw package
  ./mvnw spring-boot:run -pl platform-service-bootstrap
✔ candidate rendering only: domain-driven spring-boot-3.5-jdk21 (616.572292ms)
{
  "status": "generated",
  "project_root": "/var/folders/8d/60y8vj2j0nn37t4h26zbvvhw0000gn/T/yss-platform-matrix-a182OT/output/platform-service",
  "modules": [
    "server",
    "service",
    "repository",
    "adapter",
    "client",
    "feign-client"
  ]
}
✔ candidate rendering only: layered-mvc spring-boot-2.7-jdk8 (600.168167ms)
{
  "status": "generated",
  "project_root": "/var/folders/8d/60y8vj2j0nn37t4h26zbvvhw0000gn/T/yss-platform-matrix-gWyPKI/output/platform-service",
  "modules": [
    "server",
    "service",
    "repository",
    "adapter",
    "client",
    "feign-client"
  ]
}
✔ candidate rendering only: layered-mvc spring-boot-3.5-jdk17 (631.464166ms)
{
  "status": "generated",
  "project_root": "/var/folders/8d/60y8vj2j0nn37t4h26zbvvhw0000gn/T/yss-platform-matrix-48AFKL/output/platform-service",
  "modules": [
    "server",
    "service",
    "repository",
    "adapter",
    "client",
    "feign-client"
  ]
}
✔ candidate rendering only: layered-mvc spring-boot-3.5-jdk21 (620.677166ms)
✔ unsupported component platform never synthesizes a binding: domain-driven spring-boot-4.1-jdk17 (80.717375ms)
✔ unsupported component platform never synthesizes a binding: domain-driven spring-boot-4.1-jdk21 (79.142667ms)
✔ unsupported component platform never synthesizes a binding: layered-mvc spring-boot-4.1-jdk17 (78.40925ms)
✔ unsupported component platform never synthesizes a binding: layered-mvc spring-boot-4.1-jdk21 (77.328417ms)
✔ v2 scaffold schema rejects a platform binding without the normalized component line (79.147667ms)
✔ production fail-closed and zero writes: domain-driven (581.854291ms)
✔ production fail-closed and zero writes: layered-mvc (615.404959ms)
✔ version, digest, namespace, YSS coordinates and decision mismatches are rejected (1.454791ms)
✔ runtime dependencies require startup module, proper scope and exact independent Boot BOM (4.197417ms)
✔ packaged runtime jar must contain every runtime artifact (0.287625ms)
✔ integration evidence rejects skipped tests and missing optional Feign coverage (0.68875ms)
✔ verified compatibility binds report bytes and every portable evidence artifact (12.842833ms)
✔ multiple exact patches coexist without rebinding earlier contracts (0.545542ms)
✔ component capabilities are nested by registry capability id and uncertified profiles stay closed (1.135333ms)
✔ Boot 3 catalog parser rejects drift in candidate and platform-managed bindings (4.420083ms)
✔ artifact resolution evidence binds catalog coordinates and bytes (3.008125ms)
✔ component adoption, platform generation and retirement evidence expose stable failure codes (1.544875ms)
✔ component capability resolver returns exact serializable bindings and fails closed (1.682291ms)
✔ component capability resolver rejects coordinate conflicts and evidence drift (1.682625ms)
✔ resolved SNAPSHOT, POM/JAR digests and source tree are mandatory for verified components (1.415333ms)
✔ resolveBackendPlatform loads the catalog beneath an explicit root (1.440208ms)
✔ backend-platforms require-profile exposes nested component blockers and exits non-zero (75.029958ms)
{
  "status": "generated",
  "project_root": "/var/folders/8d/60y8vj2j0nn37t4h26zbvvhw0000gn/T/yss-platform-resume-jd6Gj0/output/platform-service",
  "modules": [
    "server",
    "service",
    "repository",
    "adapter",
    "client",
    "feign-client"
  ]
}
✔ resume never regenerates or accepts changed files, extra source or changed contracts (556.003708ms)
ℹ tests 29
ℹ suites 0
ℹ pass 29
ℹ fail 0
ℹ cancelled 0
ℹ skipped 0
ℹ todo 0
ℹ duration_ms 6100.572
