YSS implementation contract compiler stage 7 scenarios passed
✔ combines narrow recipes once and preserves deterministic output (9.462916ms)
✔ does not promote conditional or component dependencies without explicit input (1.122833ms)
✔ loads only explicitly satisfied context-conditional dependencies (0.696583ms)
✔ requires a platform binding for every backend component capability (2.025ms)
✔ public compiler entry preserves stable component error codes (9.091833ms)
✔ rejects recipes that reference skills and context-required cycles (2.131667ms)
✔ rejects removed ids and schema v1 without compatibility (0.299167ms)
✔ marks digest drift stale and validates v2 execution evidence (4.796ms)
✔ marks legacy component contracts without component bindings stale (1.097958ms)
✔ current lifecycle scaffold contract delegates platform facts to the catalog (0.465542ms)
✔ registered component imports and Maven artifacts discover omitted auxiliary skills on their own platform (228.192791ms)
✔ HTTP and DTO are discovered without reported skill impacts (218.904ms)
✔ renamed controller, annotated interface and local composed annotation stay in coverage (115.070583ms)
✔ missing one rule and duplicate rows cannot masquerade as complete skill review (101.652167ms)
✔ rule-level N/A is allowed for absent pagination, never for the required use-case boundary (115.076042ms)
✔ missing semantics, stale rule and evidence cannot pass (114.523792ms)
✔ baseline can be clean and lacks business Spec but never authorizes implementation (156.436375ms)
✔ baseline evidence binds current code and filesystem modes (146.618958ms)
✔ domain-driven: discover violation → remediation → fresh independent protocol → full reconciliation (179.624916ms)
✔ layered-mvc: discover violation → remediation → fresh independent protocol → full reconciliation (157.337208ms)
✔ keeps registered boot2-java8, manual streaming endpoints need no CRUD metadata (154.149959ms)
✔ keeps registered boot3-java17, manual streaming endpoints need no CRUD metadata (155.229125ms)
✔ MyBatis from mapper XML is detected without Java Mapper naming (116.717583ms)
✔ empty or unparsed business scope cannot claim conformance (107.46975ms)
✔ unknown external annotation requires source-bound responsibility evidence (121.438583ms)
✔ exact registered platform rejects wrong Validation namespace without upgrading JDK (157.624958ms)
✔ comment and string type names are not architecture dependencies (111.718042ms)
✔ persistence cannot import Web DTO even when behavioral assertions are green (104.912792ms)
✔ CLI compilation is read-only and can audit without a Slice or scaffold manifest (186.509375ms)
✔ unclassified existing type is a coverage gap, not an automatic N/A (104.364708ms)
✔ changed source index or wire profile invalidates the locked skill even when SKILL.md is unchanged (125.456125ms)
✔ an empty, skipped or historical test report cannot prove first slice behavior (6.142625ms)
✔ matrix subset excludes unrequested candidates without calling them passed (177.746375ms)
✔ reduced historical v2 is readable but never executable (681.951292ms)
✔ v3 verification separates structural reading from real bound approval and freshness (2118.938583ms)
✔ responsibility bindings accept renamed types and require no unused persistence/page adapter (539.542792ms)
✔ independent Standards and Spec record covers every applicable skill (2403.556792ms)
✔ review refuses omitted skill (1971.441667ms)
✔ review refuses self review (1824.155208ms)
✔ review refuses stale candidate (1821.307292ms)
✔ review refuses missing rule evidence (1879.494833ms)
✔ review refuses tests green but standards violation (1853.569458ms)
✔ review refuses stale verification bytes (1843.943292ms)
✔ workflow cannot complete review without persisted review inputs (0.345708ms)
✔ actual impact skills cannot be marked not-applicable (1831.170666ms)
✔ untracked executable mode is part of candidate identity (1797.570667ms)
✔ v2 migration preserves old bytes and extra evidence, reduces fields, and never inherits approval (849.92325ms)
ℹ {"v1_fields":31,"v2_fields":23,"reduction":0.25806451612903225}
✔ preparation generates all digests and rejects conflicting sources; actual review governs consumption (493.434333ms)
✔ both API versions reject mismatched Drafts, unresolved review findings, missing evidence and stale versions (1664.754916ms)
✔ design/backend/frontend receivers expose identical review and task constraints using original YAML (2456.821875ms)
✔ a validation operation rejects changed bytes and additions, and the next operation reads fresh input (4.996125ms)
✔ child dependency receipts reject missing, conflicting, and changed sources including policy/schema/message bytes (7.93925ms)
✔ stages isolate immutable parsed values, purposes, roots, units and read-only state; cancellation rejects success (2.510375ms)
✔ branded execution context rejects serialization, another root, read-only upgrade and reuse after its stage (1346.108667ms)
✔ strict YAML and schema batching preserve duplicates, precision, array order, options and error order (81.80425ms)
✔ review is compact, retains acceptance, and never authorizes execution; task retains every constraint (1627.570125ms)
✔ all lifecycle asset groups remain readable and preserve unclassified constraints without granting execution (2784.135541ms)
✔ compact review achieves the byte target without hiding required review information; task includes verification cwd and evidence (1153.759916ms)
✔ frozen Ticket keeps tracker updates outside the requirement binding and rejects changed requirements (2083.245625ms)
✔ low risk applicability comes from lifecycle rules; frontend existing baseline cannot hide UI changes (1913.423084ms)
✔ preparation reports independent missing sources together and blocked drafts remain diagnostic-only (945.103167ms)
✔ review reads each aliased source once and exposes missing explanations without repeating acceptance (1066.209ms)
✔ registered cross-repo preparation and approved dispatch keep same-name paths and cwd distinct (9443.472208ms)
✔ cross-repo execution result rejects same-name evidence substitution and missing joint dependencies (29772.893917ms)
✔ existing UI baseline is fully verified and cannot replace new UI design evidence (1370.002958ms)
✔ preparation blocks compiler basis changes during a single invocation (1288.188791ms)
✔ v3 inherits constraints once and refuses task scope expansion and omitted acceptance (261.034833ms)
✔ preparation reuses Ticket facts, renders persisted YAML and refuses source drift (461.682417ms)
✔ MVC v3 requires real approval bindings and independent review before execution (8601.361541ms)
✔ backend and frontend receiving distributions read the same authoritative v3 constraints (1511.635792ms)
✔ conditional contracts and source bindings never turn missing information into not-applicable (625.66725ms)
✔ explicit v2 migration preserves effective scope, rejects conflicts and never inherits approval (406.161083ms)
✔ frontend and cross-repository extensions preserve required inputs and order (282.271875ms)
✔ diff reports byte changes, array order and unknown upstream history without granting continuation (6.6365ms)
✔ DDD design remains a single bound source with its slice-specific invariants visible (144.575875ms)
✔ stage work item cannot be disguised as the implementation contract ticket (69.335875ms)
ℹ tests 76
ℹ suites 0
ℹ pass 76
ℹ fail 0
ℹ cancelled 0
ℹ skipped 0
ℹ todo 0
ℹ duration_ms 47995.319083
