[开始] node -e "console.log(123)"
[完成] node -e "console.log(123)" (35ms, exit=0)
[开始] node -e "process.exit(7)"
[失败] node -e "process.exit(7)" (27ms, exit=7)
[开始] node -e "setTimeout(()=>{},10000)"
✔ actual logs, deduplication, failures and wall time are distinct (65.48075ms)
[失败] node -e "setTimeout(()=>{},10000)" (104ms, exit=130)
✔ interruption preserves partial execution and marks remaining checks (104.99075ms)
✔ shadow executes exactly legacy; explains unrelated scenario exclusions (34.488042ms)
✔ unknown, mixed, executable, core, projection outside pilot, lock and release fail safe (40.54625ms)
✔ path sets cover add delete rename untracked; candidate and release cannot hide actual paths (5.267917ms)
✔ dependency closure and cycles/unknown dependency fail closed (4.459375ms)
✔ qualification binds configuration and source bytes; no automatic expansion (5.847625ms)
✔ missing dependency declaration retains the original check (3.408208ms)
ℹ tests 8
ℹ suites 0
ℹ pass 8
ℹ fail 0
ℹ cancelled 0
ℹ skipped 0
ℹ todo 0
ℹ duration_ms 218.739625
