✔ 战略 YAML 清单投影、固定来源与 WORKTREE 仅在临时副本构建 (447.754542ms)
✔ 两家族从离线固定包创建空目录实例，记录新版基线并保留可执行 mode (474.805917ms)
✔ 旧治理目录仅在显式迁移时转入新目录，保留项目 tracker 配置 (621.82725ms)
✔ 显式迁移不覆盖已修改的旧治理文件 (273.42175ms)
✔ 已初始化实例升级到 Harness profile schema v2 后仍可同步 (512.627875ms)
✔ 通用命令只读、README 保留、退出分发必须显式 prune (1928.63325ms)
✔ attach 默认与 dry-run 零写入，碰撞整次暂停，force 备份且业务文件保持原样 (386.839459ms)
✔ 普通无碰撞仓 attach 预览可应用计划但不创建状态目录 (43.412291ms)
✔ 旧格式、旧 profile、异族、多身份、未知schema和链接拒绝且 force 无法绕过 (467.942875ms)
✔ sync 三方规则：本地保留、模板升级、新增、删除和冲突整次暂停 (557.594625ms)
✔ init dry-run 无写入；非空目录、未知基线、目录碰撞、嵌套仓库和快照越界均拒绝 (478.437666ms)
✔ 写入失败自动恢复内容与 metadata，备份失败不应用计划 (618.208459ms)
✔ 进程中断后预览只诊断；下次 apply 恢复再允许重试 (571.975667ms)
✔ update/upgrade 使用固定包名检查新版，源码安装仅输出指引且实例不变 (397.73825ms)
✔ init --git-init 创建独立 Git；非法参数不留下项目 (331.036583ms)
✔ 未检出的声明 gitlink、硬链接、未知状态目录和跨家族恢复保持零写入 (154.006333ms)
✔ 并发修改和恢复失败保留外部修改，明确报告未恢复路径 (361.2585ms)
✔ 中断恢复前拒绝旧身份、嵌套仓库、声明gitlink及损坏备份，整次零写入 (1486.840208ms)
✔ 实际入口尾斜杠的全局安装识别保留 -g，upgrade 不降级 (101.609708ms)
✔ 重复身份字段不能通过 force 同步 (241.865042ms)
✔ 真实入口禁止在 CLI 包内子目录初始化，不破坏受锁核心 (41.80675ms)
✔ update --force 不把较新 CLI 降级到 registry 的旧版本 (67.674625ms)
✔ 技能退役清理空目录，但保留用户文件；失败后恢复技能 (804.110542ms)
✔ 同步与接入保留已有业务词汇表，即使模板同时更新且传入 force (1818.766125ms)
✔ WAL 兼容旧 progress 恢复，忽略未完成尾部且拒绝完整损坏记录 (1213.541084ms)
✔ WAL 和目标持久化阶段失败均回滚且不推进 metadata (1981.079917ms)
✔ 持久化模型：目录项未落盘时恢复接受 before/after 混合状态 (368.529875ms)
✔ 持久化顺序：WAL 与文件 fsync 先于 rename，目录屏障先于 metadata (345.927709ms)
✔ 初始化先持久化新目标的父目录；父目录刷盘失败不写入业务文件 (290.469791ms)
▶ 持久化边界矩阵：异常与进程中断都保留可证明的恢复状态
  ✔ backup/throw (310.332291ms)
  ✔ backup/kill (321.500292ms)
  ✔ wal-write/throw (326.484458ms)
  ✔ wal-write/kill (368.606375ms)
  ✔ wal-fsync/throw (316.08125ms)
  ✔ wal-fsync/kill (369.118708ms)
  ✔ target-fsync/throw (330.150875ms)
  ✔ target-fsync/kill (421.600166ms)
  ✔ rename/throw (379.443125ms)
  ✔ rename/kill (444.849375ms)
  ✔ directory/throw (396.348584ms)
  ✔ directory/kill (470.305625ms)
  ✔ commit/throw (445.590209ms)
  ✔ commit/kill (445.677125ms)
✔ 持久化边界矩阵：异常与进程中断都保留可证明的恢复状态 (5392.559416ms)
✔ 临时文件被用户修改或在独占创建前抢占时保留恢复清单 (754.849167ms)
✔ 三家族 .gitignore 区块保留用户字节，损坏标记阻断，prune 不删修改文件 (1417.972417ms)
✔ 三家族手册退出分发仅由 prune 删除未修改 baseline (1626.624875ms)
✔ 三家族参数、异族、硬链接和嵌套仓库不能经新命令绕过 (3427.17925ms)
✔ 战略 v1 缺少证据不迁移，合法来源仅在 apply 转换，未知 mode 不授予 prune (565.476375ms)
✔ 三家族真实写入、中断、备份损坏、并发修改及校验失败均保持恢复边界 (7321.776667ms)
✔ tracker remains project-owned on sync and force; new init enables stage tracking (361.245541ms)
ℹ tests 51
ℹ suites 0
ℹ pass 51
ℹ fail 0
ℹ cancelled 0
ℹ skipped 0
ℹ todo 0
ℹ duration_ms 37861.362333
