✔ ordinary engineering work reuses explicit authorization through public approval and CLI (412.908125ms)
✔ product design can continue after independent review without a repeated human reply (67.005292ms)
✔ source approval continuation is verified by all three dedicated receivers (729.860666ms)
✔ Plan entry consumes continuation and still blocks incomplete checks (147.187375ms)
✔ implementation continuation preserves contract, repository and write-path checks (196.382584ms)
✔ conflicting direct decision and continuation references are rejected (2.05275ms)
✔ no reply and revoked source authorization cannot continue (128.838042ms)
✔ new scope, new target and side effects cannot inherit authorization (6.4155ms)
✔ material changes and unclassified changes require a decision (131.433625ms)
✔ new risk, quality reduction or changed authorization cannot be labelled cosmetic (296.336958ms)
✔ self review, wrong expertise, missing comparisons and stale verification block (266.192042ms)
✔ external policy unknown, missing approvals and changed policy cannot be waived (337.165833ms)
✔ suggestions do not block, unresolved defects and missing evidence do (263.461208ms)
✔ formatting refresh requires new current review but not another source reply (147.854083ms)
✔ older receivers without continuation capability reject rather than silently approve (3.942209ms)
✔ one review bundle retains explicit per-check outcomes and rejects duplicates (10.118875ms)
ℹ tests 16
ℹ suites 0
ℹ pass 16
ℹ fail 0
ℹ cancelled 0
ℹ skipped 0
ℹ todo 0
ℹ duration_ms 3210.7355
