✔ 目录和 ZIP 可脱离源仓验包；导入幂等且不修改词汇表 (2005.894417ms)
✔ v5 finalize 生成固定不可变交付目录，支持幂等重验并拒绝同版本冲突 (22503.707708ms)
✔ v5 交付目录分别导入后端和前端，生成 Import Receipt v3 并保留原始 delivery record (8680.055167ms)
✔ v3/v4 不允许 finalize，新交付必须迁移到 Handoff v5 (203.708125ms)
✔ v4 按消费者能力导入 Import Receipt v2 并生成路由草案 (830.979875ms)
✔ v4 路由必须与影响矩阵一致；未知版本 fail closed (198.268958ms)
✔ v4 无实现影响时三条路由均 N/A，且不生成消费者空合同 (809.022458ms)
✔ 消费者反馈按源摘要裁决，amend 与 blocking defer 保持阻断 (2638.88025ms)
✔ 规则遗漏、摘要漂移、批准不匹配和离线资源丢失阻断导出 (1145.9555ms)
✔ 篡改 payload、重新封摘要后的虚构规则索引、额外文件均拒绝 (856.483834ms)
✔ ZIP 路径穿越和重复条目拒绝 (112.914125ms)
✔ 版本差异绑定前版，重复版本不允许；修改规则产生更新集合 (1929.17625ms)
✔ 受控延期只阻断依赖切片；未知依赖扩大阻断；目标未对账禁止消费 (8576.5905ms)
✔ 源规则必须稳定可追溯，关键场景不能遗漏结果 (12.069833ms)
✔ 统一 CLI 在源目录消失后通过 ZIP 验包 (3221.322459ms)
✔ 当前 Plan、Spec、产品决定可离线验证；交接只需独立复核 (4453.020583ms)
ℹ tests 16
ℹ suites 0
ℹ pass 16
ℹ fail 0
ℹ cancelled 0
ℹ skipped 0
ℹ todo 0
ℹ duration_ms 58181.891208
