PASS 缺少输入是退出码 2 的协议错误
PASS 空对象与未知阶段不能取得 ready
PASS 缺失原始资产一次汇总，未来构建不阻断 prepare
PASS 拟初始化目标可诊断但不能猜测仓库身份
PASS 模板源不能冒充产品交付来源
PASS 合法身份与根词汇可独立承接
PASS 自洽摘要不能把空原始观测提升为可承接
PASS 摘要自洽但错误 OpenAPI 版本仍拒绝
PASS 前提内容改变标记 stale
PASS 路径越界和 symlink 拒绝
PASS 已有交付构建 shape 与原始制品核对通过
PASS 制品内容变化使构建不可承接
PASS 只读预检不执行记录中的命令，缺交付依据仍为尚不可判定
PASS 明确无 UI 影响必须有原因，不能静默免检
PASS synthetic 战略源可先导出，不依赖未来后端合同或包
PASS v5 既有 UI 导出 CLI 缺清单拒绝且不写输出
PASS v5 战略 CLI 通过源预检后正常导出，原始来源保持不变
PASS 导出不能用另一来源清单通过预检
PASS 后端 CLI 对既有身份 v2 在任何写入前强制预检
PASS backend 分流通过已绑定包承接战略来源，不要求复制源资产
PASS synthetic domain-driven 原始工程可完整核验且不伪造 profile 支持
PASS synthetic layered-mvc 原始工程可完整核验且不伪造 profile 支持
delivery-preflight scenarios: 22 passed
✔ synthetic domain-driven: only original local approval permits a bounded implementation delta (1657.401959ms)
✔ synthetic layered-mvc: only original local approval permits a bounded implementation delta (6026.024458ms)
✔ synthetic: approved status, fake countersignature and missing required source proof cannot establish permission (576.31175ms)
✔ synthetic: out-of-scope edits, replaced source basis and stale approved contract bytes are rejected (891.592792ms)
✔ synthetic: a self-consistent replacement original reference cannot reuse the previous approval (788.918875ms)
✔ synthetic: technical-design CLI rejects caller-invented execution JSON (480.046625ms)
✔ synthetic existing v2 rejects serialized array sections and absent required source references before approval (1438.853459ms)
✔ synthetic historical delivery v1 minimal Slice fixture retains its existing approval semantics (353.259375ms)
ℹ tests 8
ℹ suites 0
ℹ pass 8
ℹ fail 0
ℹ cancelled 0
ℹ skipped 0
ℹ todo 0
ℹ duration_ms 12279.362916
✔ real Python schema batch finishes without stdin EOF and preserves Unicode, large input and invalid results (107.650959ms)
✔ truncated byte frame fails with an explicit protocol error (97.403ms)
✔ a nonresponsive interpreter is bounded by the schema timeout (204.075833ms)
ℹ tests 3
ℹ suites 0
ℹ pass 3
ℹ fail 0
ℹ cancelled 0
ℹ skipped 0
ℹ todo 0
ℹ duration_ms 473.652791
