🚀 开始生成项目: platform-service
📦 基础包名: com.yss.platform
📁 输出目录: /var/folders/8d/60y8vj2j0nn37t4h26zbvvhw0000gn/T/yss-platform-matrix-EXKoCm/output

📁 创建项目目录结构...
  ✓ platform-service-domain
  ✓ platform-service-application
  ✓ platform-service-infrastructure
  ✓ platform-service-adapter
  ✓ platform-service-bootstrap
  ✓ platform-service-adapter/platform-service-web
  ✓ db

📝 生成 Maven POM 文件...
  ✓ 父级 pom.xml
  ✓ domain pom.xml
  ✓ application pom.xml
  ✓ infrastructure pom.xml
  ✓ adapter pom.xml
  ✓ web pom.xml
  ✓ bootstrap pom.xml

☕ 生成机械启动入口...
  ✓ PlatformServiceApplication.java
  ✓ ArchitectureRulesTest.java

⚙️  生成配置文件...
  ✓ application.yml
  ✓ application-scaffold-local.yml
  ✓ test H2 configuration
  ✓ logback-spring.xml

🗃️  保留数据库目录布局...
  ✓ db/（业务 schema 和初始化数据由批准切片合同生成）

📚 生成项目文档...
  ✓ README.md
  ✓ .yss/scaffold-generation.json

✅ 工程文件生成完成，等待受控 Maven 验证
📂 项目位置: /var/folders/8d/60y8vj2j0nn37t4h26zbvvhw0000gn/T/yss-platform-matrix-EXKoCm/output/platform-service

🎯 下一步:
  cd /var/folders/8d/60y8vj2j0nn37t4h26zbvvhw0000gn/T/yss-platform-matrix-EXKoCm/output/platform-service
  ./mvnw validate
  ./mvnw test
  ./mvnw package
  ./mvnw spring-boot:run -pl platform-service-bootstrap
✔ candidate rendering only: domain-driven spring-boot-2.7-jdk8 (668.680542ms)
🚀 开始生成项目: platform-service
📦 基础包名: com.yss.platform
📁 输出目录: /var/folders/8d/60y8vj2j0nn37t4h26zbvvhw0000gn/T/yss-platform-matrix-gfSppz/output

📁 创建项目目录结构...
  ✓ platform-service-domain
  ✓ platform-service-application
  ✓ platform-service-infrastructure
  ✓ platform-service-adapter
  ✓ platform-service-bootstrap
  ✓ platform-service-adapter/platform-service-web
  ✓ db

📝 生成 Maven POM 文件...
  ✓ 父级 pom.xml
  ✓ domain pom.xml
  ✓ application pom.xml
  ✓ infrastructure pom.xml
  ✓ adapter pom.xml
  ✓ web pom.xml
  ✓ bootstrap pom.xml

☕ 生成机械启动入口...
  ✓ PlatformServiceApplication.java
  ✓ ArchitectureRulesTest.java

⚙️  生成配置文件...
  ✓ application.yml
  ✓ application-scaffold-local.yml
  ✓ test H2 configuration
  ✓ logback-spring.xml

🗃️  保留数据库目录布局...
  ✓ db/（业务 schema 和初始化数据由批准切片合同生成）

📚 生成项目文档...
  ✓ README.md
  ✓ .yss/scaffold-generation.json

✅ 工程文件生成完成，等待受控 Maven 验证
📂 项目位置: /var/folders/8d/60y8vj2j0nn37t4h26zbvvhw0000gn/T/yss-platform-matrix-gfSppz/output/platform-service

🎯 下一步:
  cd /var/folders/8d/60y8vj2j0nn37t4h26zbvvhw0000gn/T/yss-platform-matrix-gfSppz/output/platform-service
  ./mvnw validate
  ./mvnw test
  ./mvnw package
  ./mvnw spring-boot:run -pl platform-service-bootstrap
✔ candidate rendering only: domain-driven spring-boot-3.5-jdk17 (558.387042ms)
🚀 开始生成项目: platform-service
📦 基础包名: com.yss.platform
📁 输出目录: /var/folders/8d/60y8vj2j0nn37t4h26zbvvhw0000gn/T/yss-platform-matrix-LovvVq/output

📁 创建项目目录结构...
  ✓ platform-service-domain
  ✓ platform-service-application
  ✓ platform-service-infrastructure
  ✓ platform-service-adapter
  ✓ platform-service-bootstrap
  ✓ platform-service-adapter/platform-service-web
  ✓ db

📝 生成 Maven POM 文件...
  ✓ 父级 pom.xml
  ✓ domain pom.xml
  ✓ application pom.xml
  ✓ infrastructure pom.xml
  ✓ adapter pom.xml
  ✓ web pom.xml
  ✓ bootstrap pom.xml

☕ 生成机械启动入口...
  ✓ PlatformServiceApplication.java
  ✓ ArchitectureRulesTest.java

⚙️  生成配置文件...
  ✓ application.yml
  ✓ application-scaffold-local.yml
  ✓ test H2 configuration
  ✓ logback-spring.xml

🗃️  保留数据库目录布局...
  ✓ db/（业务 schema 和初始化数据由批准切片合同生成）

📚 生成项目文档...
  ✓ README.md
  ✓ .yss/scaffold-generation.json

✅ 工程文件生成完成，等待受控 Maven 验证
📂 项目位置: /var/folders/8d/60y8vj2j0nn37t4h26zbvvhw0000gn/T/yss-platform-matrix-LovvVq/output/platform-service

🎯 下一步:
  cd /var/folders/8d/60y8vj2j0nn37t4h26zbvvhw0000gn/T/yss-platform-matrix-LovvVq/output/platform-service
  ./mvnw validate
  ./mvnw test
  ./mvnw package
  ./mvnw spring-boot:run -pl platform-service-bootstrap
✔ candidate rendering only: domain-driven spring-boot-3.5-jdk21 (550.657417ms)
{
  "status": "generated",
  "project_root": "/var/folders/8d/60y8vj2j0nn37t4h26zbvvhw0000gn/T/yss-platform-matrix-GxMdIi/output/platform-service",
  "modules": [
    "server",
    "service",
    "repository",
    "adapter",
    "client",
    "feign-client"
  ]
}
✔ candidate rendering only: layered-mvc spring-boot-2.7-jdk8 (524.251625ms)
{
  "status": "generated",
  "project_root": "/var/folders/8d/60y8vj2j0nn37t4h26zbvvhw0000gn/T/yss-platform-matrix-eVcwGi/output/platform-service",
  "modules": [
    "server",
    "service",
    "repository",
    "adapter",
    "client",
    "feign-client"
  ]
}
✔ candidate rendering only: layered-mvc spring-boot-3.5-jdk17 (542.378708ms)
{
  "status": "generated",
  "project_root": "/var/folders/8d/60y8vj2j0nn37t4h26zbvvhw0000gn/T/yss-platform-matrix-fBMfpT/output/platform-service",
  "modules": [
    "server",
    "service",
    "repository",
    "adapter",
    "client",
    "feign-client"
  ]
}
✔ candidate rendering only: layered-mvc spring-boot-3.5-jdk21 (576.68775ms)
✔ unsupported component platform never synthesizes a binding: domain-driven spring-boot-4.1-jdk17 (78.298334ms)
✔ unsupported component platform never synthesizes a binding: domain-driven spring-boot-4.1-jdk21 (80.984ms)
✔ unsupported component platform never synthesizes a binding: layered-mvc spring-boot-4.1-jdk17 (76.683333ms)
✔ unsupported component platform never synthesizes a binding: layered-mvc spring-boot-4.1-jdk21 (84.845875ms)
✔ v2 scaffold schema rejects a platform binding without the normalized component line (83.476834ms)
✔ production fail-closed and zero writes: domain-driven (579.975792ms)
✔ production fail-closed and zero writes: layered-mvc (562.07925ms)
✔ version, digest, namespace, YSS coordinates and decision mismatches are rejected (1.808458ms)
✔ runtime dependencies require startup module, proper scope and exact independent Boot BOM (4.522667ms)
✔ packaged runtime jar must contain every runtime artifact (0.299917ms)
✔ integration evidence rejects skipped tests and missing optional Feign coverage (0.6605ms)
✔ verified compatibility binds report bytes and every portable evidence artifact (9.583875ms)
✔ multiple exact patches coexist without rebinding earlier contracts (0.51025ms)
✔ component capabilities are nested by registry capability id and uncertified profiles stay closed (0.978084ms)
✔ Boot 3 catalog parser rejects drift in candidate and platform-managed bindings (3.250708ms)
✔ artifact resolution evidence binds catalog coordinates and bytes (2.740458ms)
✔ component adoption, platform generation and retirement evidence expose stable failure codes (1.533166ms)
✔ component capability resolver returns exact serializable bindings and fails closed (1.803291ms)
✔ component capability resolver rejects coordinate conflicts and evidence drift (1.399125ms)
✔ resolved SNAPSHOT, POM/JAR digests and source tree are mandatory for verified components (1.250166ms)
✔ resolveBackendPlatform loads the catalog beneath an explicit root (1.405125ms)
✔ backend-platforms require-profile exposes nested component blockers and exits non-zero (78.920083ms)
{
  "status": "generated",
  "project_root": "/var/folders/8d/60y8vj2j0nn37t4h26zbvvhw0000gn/T/yss-platform-resume-H3ByFP/output/platform-service",
  "modules": [
    "server",
    "service",
    "repository",
    "adapter",
    "client",
    "feign-client"
  ]
}
✔ resume never regenerates or accepts changed files, extra source or changed contracts (543.372958ms)
ℹ tests 29
ℹ suites 0
ℹ pass 29
ℹ fail 0
ℹ cancelled 0
ℹ skipped 0
ℹ todo 0
ℹ duration_ms 5690.344166
