✔ 生成批准的服务级 target profile 骨架，并写入带设计门禁的 Manifest v4 (635.125167ms)
✔ 数据影响为 required 时绑定数据架构后可生成 DDD 后端 (653.275041ms)
✔ API 影响为 required 时绑定同字节 Draft、Validation、Review 和 Freeze 后可生成 DDD 后端 (713.823833ms)
✔ 缺少设计门禁时在写文件前拒绝 DDD 新生成 (128.612958ms)
✔ 技术和数据设计齐全但缺少 API Decision 时在写文件前拒绝 DDD 新生成 (125.171209ms)
✔ API Draft、Validation、Review 或工程批准漂移时均在零写入状态阻断 DDD (2078.823625ms)
✔ schema v3 只读兼容但禁止用于 DDD 新生成 (64.19025ms)
✔ schema v1 scaffold contract is unsupported and is never upgraded (66.911334ms)
﹣ 一键工作流只有在真实 Maven 三命令全部通过后才报告完成 (0.369333ms) # 缺少受控 YSS Maven 仓库环境，真实 Wrapper 验证由 L3 环境门禁执行
✔ 显式 Maven 坐标贯穿批准合同、生成参数、全部 POM 和生成清单 (633.270458ms)
✔ 生成工程声明命名仓库 profile、target DDD 依赖边界和构建门禁 (652.885584ms)
✔ 生成工程固定平台 profile、Wrapper checksum，并把调试日志隔离到 local 配置 (620.3615ms)
✔ initialize-only 在写文件前拒绝任何已存在目标和 --force (642.552333ms)
✔ 拒绝基础包名与批准合同不一致 (139.289458ms)
✔ 合同 project_name、profile 和 allowed_write_paths 必须约束实际输出 (404.786625ms)
✔ initialize-only 拒绝以 --force 覆盖 .gitmodules 登记的挂载点 (67.221916ms)
Cloning into '/private/var/folders/8d/60y8vj2j0nn37t4h26zbvvhw0000gn/T/yss-gitlink-42K7Ih/super/apps/backend/billing-service'...
done.
HEAD is now at 23626e1 init child
✔ 拒绝在 detached HEAD 子仓工作树内当成普通目录生成 (405.285417ms)
✔ --force 覆盖真实 gitlink 不得走普通目录覆盖路径 (202.203208ms)
[开始] /var/folders/8d/60y8vj2j0nn37t4h26zbvvhw0000gn/T/yss-scaffold-verifier-zpSHRx/project/mvnw validate
[完成] /var/folders/8d/60y8vj2j0nn37t4h26zbvvhw0000gn/T/yss-scaffold-verifier-zpSHRx/project/mvnw (4ms, exit=0)
[开始] /var/folders/8d/60y8vj2j0nn37t4h26zbvvhw0000gn/T/yss-scaffold-verifier-zpSHRx/project/mvnw test
[失败] /var/folders/8d/60y8vj2j0nn37t4h26zbvvhw0000gn/T/yss-scaffold-verifier-zpSHRx/project/mvnw (4ms, exit=2)
[开始] /var/folders/8d/60y8vj2j0nn37t4h26zbvvhw0000gn/T/yss-scaffold-verifier-zpSHRx/project/mvnw package
[完成] /var/folders/8d/60y8vj2j0nn37t4h26zbvvhw0000gn/T/yss-scaffold-verifier-zpSHRx/project/mvnw (4ms, exit=0)
✔ 验证器记录三条 wrapper 命令的成功和失败证据 (18.166291ms)
[开始] /var/folders/8d/60y8vj2j0nn37t4h26zbvvhw0000gn/T/yss-scaffold-repository-failure-VHkcpo/project/mvnw validate
[失败] /var/folders/8d/60y8vj2j0nn37t4h26zbvvhw0000gn/T/yss-scaffold-repository-failure-VHkcpo/project/mvnw (4ms, exit=1)
[开始] /var/folders/8d/60y8vj2j0nn37t4h26zbvvhw0000gn/T/yss-scaffold-repository-failure-VHkcpo/project/mvnw test
[失败] /var/folders/8d/60y8vj2j0nn37t4h26zbvvhw0000gn/T/yss-scaffold-repository-failure-VHkcpo/project/mvnw (4ms, exit=1)
[开始] /var/folders/8d/60y8vj2j0nn37t4h26zbvvhw0000gn/T/yss-scaffold-repository-failure-VHkcpo/project/mvnw package
[失败] /var/folders/8d/60y8vj2j0nn37t4h26zbvvhw0000gn/T/yss-scaffold-repository-failure-VHkcpo/project/mvnw (4ms, exit=1)
✔ 验证器把内部仓库解析失败与编译失败分开报告 (14.609583ms)
[开始] /var/folders/8d/60y8vj2j0nn37t4h26zbvvhw0000gn/T/yss-scaffold-build-failure-dmXNnq/project/mvnw validate
[完成] /var/folders/8d/60y8vj2j0nn37t4h26zbvvhw0000gn/T/yss-scaffold-build-failure-dmXNnq/project/mvnw (4ms, exit=0)
[开始] /var/folders/8d/60y8vj2j0nn37t4h26zbvvhw0000gn/T/yss-scaffold-build-failure-dmXNnq/project/mvnw test
[完成] /var/folders/8d/60y8vj2j0nn37t4h26zbvvhw0000gn/T/yss-scaffold-build-failure-dmXNnq/project/mvnw (3ms, exit=0)
[开始] /var/folders/8d/60y8vj2j0nn37t4h26zbvvhw0000gn/T/yss-scaffold-build-failure-dmXNnq/project/mvnw package
[失败] /var/folders/8d/60y8vj2j0nn37t4h26zbvvhw0000gn/T/yss-scaffold-build-failure-dmXNnq/project/mvnw (3ms, exit=1)
[开始] /var/folders/8d/60y8vj2j0nn37t4h26zbvvhw0000gn/T/yss-scaffold-build-failure-9wi2lZ/project/mvnw validate
[完成] /var/folders/8d/60y8vj2j0nn37t4h26zbvvhw0000gn/T/yss-scaffold-build-failure-9wi2lZ/project/mvnw (4ms, exit=0)
[开始] /var/folders/8d/60y8vj2j0nn37t4h26zbvvhw0000gn/T/yss-scaffold-build-failure-9wi2lZ/project/mvnw test
[完成] /var/folders/8d/60y8vj2j0nn37t4h26zbvvhw0000gn/T/yss-scaffold-build-failure-9wi2lZ/project/mvnw (4ms, exit=0)
[开始] /var/folders/8d/60y8vj2j0nn37t4h26zbvvhw0000gn/T/yss-scaffold-build-failure-9wi2lZ/project/mvnw package
[失败] /var/folders/8d/60y8vj2j0nn37t4h26zbvvhw0000gn/T/yss-scaffold-build-failure-9wi2lZ/project/mvnw (3ms, exit=1)
✔ 验证器单独标记 Java 编译失败和 Bootstrap 主类缺失 (27.322375ms)
[开始] /var/folders/8d/60y8vj2j0nn37t4h26zbvvhw0000gn/T/yss-scaffold-verifier-success-hw0U8w/project/mvnw validate
[完成] /var/folders/8d/60y8vj2j0nn37t4h26zbvvhw0000gn/T/yss-scaffold-verifier-success-hw0U8w/project/mvnw (4ms, exit=0)
[开始] /var/folders/8d/60y8vj2j0nn37t4h26zbvvhw0000gn/T/yss-scaffold-verifier-success-hw0U8w/project/mvnw test
[完成] /var/folders/8d/60y8vj2j0nn37t4h26zbvvhw0000gn/T/yss-scaffold-verifier-success-hw0U8w/project/mvnw (3ms, exit=0)
[开始] /var/folders/8d/60y8vj2j0nn37t4h26zbvvhw0000gn/T/yss-scaffold-verifier-success-hw0U8w/project/mvnw package
[完成] /var/folders/8d/60y8vj2j0nn37t4h26zbvvhw0000gn/T/yss-scaffold-verifier-success-hw0U8w/project/mvnw (3ms, exit=0)
✔ 验证器在全部 Maven 命令成功时通过并保留日志引用 (13.181375ms)
✔ 历史 Manifest v3 只读校验仍在缺少受控仓库环境时先于 Maven 阻断 (2.263958ms)
✔ Manifest schema v1 is unsupported and verifier never executes its wrapper (1.949458ms)
[开始] /var/folders/8d/60y8vj2j0nn37t4h26zbvvhw0000gn/T/yss-scaffold-redaction-PkeIIg/project/mvnw validate
[完成] /var/folders/8d/60y8vj2j0nn37t4h26zbvvhw0000gn/T/yss-scaffold-redaction-PkeIIg/project/mvnw (4ms, exit=0)
[开始] /var/folders/8d/60y8vj2j0nn37t4h26zbvvhw0000gn/T/yss-scaffold-redaction-PkeIIg/project/mvnw test
[完成] /var/folders/8d/60y8vj2j0nn37t4h26zbvvhw0000gn/T/yss-scaffold-redaction-PkeIIg/project/mvnw (3ms, exit=0)
[开始] /var/folders/8d/60y8vj2j0nn37t4h26zbvvhw0000gn/T/yss-scaffold-redaction-PkeIIg/project/mvnw package
[完成] /var/folders/8d/60y8vj2j0nn37t4h26zbvvhw0000gn/T/yss-scaffold-redaction-PkeIIg/project/mvnw (4ms, exit=0)
✔ 验证日志会脱敏 Maven 仓库凭据 (14.023167ms)
ℹ tests 25
ℹ suites 0
ℹ pass 24
ℹ fail 0
ℹ cancelled 0
ℹ skipped 1
ℹ todo 0
ℹ duration_ms 8390.3575
