✔ 数据分析初始化生成 H2 六模块和独立治理信封 (2907.96675ms)
✔ 数据分析 Profile 缺少 CONTEXT handoff 或独立 Git 合同时零写入阻断 (141.505625ms)
✔ 旧数据库和 Mock 参数在写入前被拒绝 (117.803208ms)
✔ 统一 Project Scaffold Contract v4 可生成 Layered MVC 后端并保留设计门禁 (605.658791ms)
✔ 数据影响为 required 时绑定数据架构后可生成 Layered MVC 后端 (589.708166ms)
✔ API 影响为 required 时绑定同字节 Draft、Validation、Review 和 Freeze 后可生成 Layered MVC 后端 (632.133458ms)
✔ 缺少设计门禁时在写文件前拒绝 Layered MVC 新生成 (122.116291ms)
✔ 技术和数据设计齐全但缺少 API Decision 时在写文件前拒绝 Layered MVC 新生成 (141.033459ms)
✔ API Draft、Validation、Review 或工程批准异常时均在零写入状态阻断 Layered MVC (2239.606875ms)
✔ schema v3 只读兼容但禁止用于 Layered MVC 新生成 (60.332917ms)
﹣ 可选离线 Maven 可行性检查（不替代受控仓库验收） (0.085584ms) # SKIP
✔ 生成 h2 基础 Profile (553.97525ms)
✔ 能力闭包 basic (554.91275ms)
✔ 能力闭包 adapter (594.556417ms)
✔ 能力闭包 client (590.682125ms)
✔ 能力闭包 feign (589.6465ms)
✔ 能力闭包 combined (584.515625ms)
✔ 选择缺失、digest 漂移和非空目标均阻断 (302.567958ms)
ℹ tests 18
ℹ suites 0
ℹ pass 17
ℹ fail 0
ℹ cancelled 0
ℹ skipped 1
ℹ todo 0
ℹ duration_ms 11393.532
