✔ 战略 YAML 清单投影、固定来源与 WORKTREE 仅在临时副本构建 (422.298167ms)
✔ 两家族从离线固定包创建空目录实例，记录新版基线并保留可执行 mode (448.446959ms)
✔ 旧治理目录仅在显式迁移时转入新目录，保留项目 tracker 配置 (583.266875ms)
✔ 显式迁移不覆盖已修改的旧治理文件 (268.58625ms)
✔ 已初始化实例升级到 Harness profile schema v2 后仍可同步 (531.204417ms)
✔ 通用命令只读、README 保留、退出分发必须显式 prune (1956.3475ms)
✔ attach 默认与 dry-run 零写入，碰撞整次暂停，force 备份且业务文件保持原样 (398.691666ms)
✔ 普通无碰撞仓 attach 预览可应用计划但不创建状态目录 (47.710334ms)
✔ 旧格式、旧 profile、异族、多身份、未知schema和链接拒绝且 force 无法绕过 (480.185917ms)
✔ sync 三方规则：本地保留、模板升级、新增、删除和冲突整次暂停 (542.89225ms)
✔ init dry-run 无写入；非空目录、未知基线、目录碰撞、嵌套仓库和快照越界均拒绝 (515.398625ms)
✔ 写入失败自动恢复内容与 metadata，备份失败不应用计划 (657.804083ms)
✔ 进程中断后预览只诊断；下次 apply 恢复再允许重试 (626.93175ms)
✔ update/upgrade 使用固定包名检查新版，源码安装仅输出指引且实例不变 (417.442ms)
✔ init --git-init 创建独立 Git；非法参数不留下项目 (321.905584ms)
✔ 未检出的声明 gitlink、硬链接、未知状态目录和跨家族恢复保持零写入 (130.006541ms)
✔ 并发修改和恢复失败保留外部修改，明确报告未恢复路径 (335.049416ms)
✔ 中断恢复前拒绝旧身份、嵌套仓库、声明gitlink及损坏备份，整次零写入 (1495.769084ms)
✔ 实际入口尾斜杠的全局安装识别保留 -g，upgrade 不降级 (102.280541ms)
✔ 重复身份字段不能通过 force 同步 (245.785ms)
✔ 真实入口禁止在 CLI 包内子目录初始化，不破坏受锁核心 (46.634625ms)
✔ update --force 不把较新 CLI 降级到 registry 的旧版本 (76.831666ms)
✔ 技能退役清理空目录，但保留用户文件；失败后恢复技能 (816.61125ms)
✔ 同步与接入保留已有业务词汇表，即使模板同时更新且传入 force (1754.948833ms)
✔ WAL 兼容旧 progress 恢复，忽略未完成尾部且拒绝完整损坏记录 (1178.43225ms)
✔ WAL 和目标持久化阶段失败均回滚且不推进 metadata (2061.063833ms)
✔ 持久化模型：目录项未落盘时恢复接受 before/after 混合状态 (389.508416ms)
✔ 持久化顺序：WAL 与文件 fsync 先于 rename，目录屏障先于 metadata (386.07175ms)
✔ 初始化先持久化新目标的父目录；父目录刷盘失败不写入业务文件 (308.098459ms)
▶ 持久化边界矩阵：异常与进程中断都保留可证明的恢复状态
  ✔ backup/throw (321.1725ms)
  ✔ backup/kill (315.496834ms)
  ✔ wal-write/throw (310.585417ms)
  ✔ wal-write/kill (359.124791ms)
  ✔ wal-fsync/throw (308.854625ms)
  ✔ wal-fsync/kill (356.936792ms)
  ✔ target-fsync/throw (335.684ms)
  ✔ target-fsync/kill (393.60375ms)
  ✔ rename/throw (339.902417ms)
  ✔ rename/kill (431.975375ms)
  ✔ directory/throw (386.225208ms)
  ✔ directory/kill (436.452917ms)
  ✔ commit/throw (414.825833ms)
  ✔ commit/kill (443.993959ms)
✔ 持久化边界矩阵：异常与进程中断都保留可证明的恢复状态 (5196.038334ms)
✔ 临时文件被用户修改或在独占创建前抢占时保留恢复清单 (730.223959ms)
✔ 三家族 .gitignore 区块保留用户字节，损坏标记阻断，prune 不删修改文件 (1436.241125ms)
✔ 三家族手册退出分发仅由 prune 删除未修改 baseline (1739.028583ms)
✔ 三家族参数、异族、硬链接和嵌套仓库不能经新命令绕过 (3405.1735ms)
✔ 战略 v1 缺少证据不迁移，合法来源仅在 apply 转换，未知 mode 不授予 prune (609.647666ms)
✔ 三家族真实写入、中断、备份损坏、并发修改及校验失败均保持恢复边界 (7336.970666ms)
✔ tracker remains project-owned on sync and force; new init enables stage tracking (344.791333ms)
ℹ tests 51
ℹ suites 0
ℹ pass 51
ℹ fail 0
ℹ cancelled 0
ℹ skipped 0
ℹ todo 0
ℹ duration_ms 37975.508833
