YSS implementation contract compiler stage 7 scenarios passed
✔ combines narrow recipes once and preserves deterministic output (9.393084ms)
✔ does not promote conditional or component dependencies without explicit input (1.123208ms)
✔ loads only explicitly satisfied context-conditional dependencies (0.762834ms)
✔ requires a platform binding for every backend component capability (1.843167ms)
✔ public compiler entry preserves stable component error codes (8.694375ms)
✔ rejects recipes that reference skills and context-required cycles (1.761542ms)
✔ rejects removed ids and schema v1 without compatibility (0.199208ms)
✔ marks digest drift stale and validates v2 execution evidence (4.237584ms)
✔ marks legacy component contracts without component bindings stale (1.019167ms)
✔ current lifecycle scaffold contract delegates platform facts to the catalog (0.816ms)
✔ registered component imports and Maven artifacts discover omitted auxiliary skills on their own platform (207.683167ms)
✔ HTTP and DTO are discovered without reported skill impacts (172.338833ms)
✔ renamed controller, annotated interface and local composed annotation stay in coverage (125.632958ms)
✔ missing one rule and duplicate rows cannot masquerade as complete skill review (133.867584ms)
✔ rule-level N/A is allowed for absent pagination, never for the required use-case boundary (129.420875ms)
✔ missing semantics, stale rule and evidence cannot pass (117.319542ms)
✔ baseline can be clean and lacks business Spec but never authorizes implementation (141.214416ms)
✔ baseline evidence binds current code and filesystem modes (146.306875ms)
✔ domain-driven: discover violation → remediation → fresh independent protocol → full reconciliation (166.11925ms)
✔ layered-mvc: discover violation → remediation → fresh independent protocol → full reconciliation (132.799625ms)
✔ keeps registered boot2-java8, manual streaming endpoints need no CRUD metadata (127.798542ms)
✔ keeps registered boot3-java17, manual streaming endpoints need no CRUD metadata (123.623917ms)
✔ MyBatis from mapper XML is detected without Java Mapper naming (97.671167ms)
✔ empty or unparsed business scope cannot claim conformance (100.458125ms)
✔ unknown external annotation requires source-bound responsibility evidence (155.248625ms)
✔ exact registered platform rejects wrong Validation namespace without upgrading JDK (108.952291ms)
✔ comment and string type names are not architecture dependencies (216.313584ms)
✔ persistence cannot import Web DTO even when behavioral assertions are green (102.100708ms)
✔ CLI compilation is read-only and can audit without a Slice or scaffold manifest (186.35025ms)
✔ unclassified existing type is a coverage gap, not an automatic N/A (104.061625ms)
✔ changed source index or wire profile invalidates the locked skill even when SKILL.md is unchanged (128.61325ms)
✔ an empty, skipped or historical test report cannot prove first slice behavior (5.292875ms)
✔ matrix subset excludes unrequested candidates without calling them passed (154.122167ms)
✔ reduced historical v2 is readable but never executable (684.3095ms)
✔ v3 verification separates structural reading from real bound approval and freshness (2214.197167ms)
✔ responsibility bindings accept renamed types and require no unused persistence/page adapter (545.174084ms)
✔ independent Standards and Spec record covers every applicable skill (2402.308167ms)
✔ review refuses omitted skill (1942.001125ms)
✔ review refuses self review (1825.913208ms)
✔ review refuses stale candidate (1905.675042ms)
✔ review refuses missing rule evidence (1913.506083ms)
✔ review refuses tests green but standards violation (1929.582292ms)
✔ review refuses stale verification bytes (1951.4665ms)
✔ workflow cannot complete review without persisted review inputs (0.343167ms)
✔ actual impact skills cannot be marked not-applicable (1899.348791ms)
✔ untracked executable mode is part of candidate identity (1861.176709ms)
✔ v2 migration preserves old bytes and extra evidence, reduces fields, and never inherits approval (868.710292ms)
ℹ {"v1_fields":31,"v2_fields":23,"reduction":0.25806451612903225}
✔ preparation generates all digests and rejects conflicting sources; actual review governs consumption (489.857167ms)
✔ both API versions reject mismatched Drafts, unresolved review findings, missing evidence and stale versions (1744.733ms)
✔ design/backend/frontend receivers expose identical review and task constraints using original YAML (2491.792ms)
✔ a validation operation rejects changed bytes and additions, and the next operation reads fresh input (7.428958ms)
✔ child dependency receipts reject missing, conflicting, and changed sources including policy/schema/message bytes (6.280125ms)
✔ stages isolate immutable parsed values, purposes, roots, units and read-only state; cancellation rejects success (0.995917ms)
✔ branded execution context rejects serialization, another root, read-only upgrade and reuse after its stage (1347.985041ms)
✔ strict YAML and schema batching preserve duplicates, precision, array order, options and error order (74.010417ms)
✔ review is compact, retains acceptance, and never authorizes execution; task retains every constraint (1629.12575ms)
✔ all lifecycle asset groups remain readable and preserve unclassified constraints without granting execution (2811.998334ms)
✔ compact review achieves the byte target without hiding required review information; task includes verification cwd and evidence (1163.67875ms)
✔ frozen Ticket keeps tracker updates outside the requirement binding and rejects changed requirements (2065.036459ms)
✔ low risk applicability comes from lifecycle rules; frontend existing baseline cannot hide UI changes (1965.476292ms)
✔ preparation reports independent missing sources together and blocked drafts remain diagnostic-only (913.493208ms)
✔ review reads each aliased source once and exposes missing explanations without repeating acceptance (1077.718833ms)
✔ registered cross-repo preparation and approved dispatch keep same-name paths and cwd distinct (9708.287875ms)
✔ cross-repo execution result rejects same-name evidence substitution and missing joint dependencies (27750.981458ms)
✔ existing UI baseline is fully verified and cannot replace new UI design evidence (1165.879667ms)
✔ preparation blocks compiler basis changes during a single invocation (1125.461958ms)
✔ v3 inherits constraints once and refuses task scope expansion and omitted acceptance (245.674958ms)
✔ preparation reuses Ticket facts, renders persisted YAML and refuses source drift (477.133833ms)
✔ MVC v3 requires real approval bindings and independent review before execution (8711.242125ms)
✔ backend and frontend receiving distributions read the same authoritative v3 constraints (1533.115125ms)
✔ conditional contracts and source bindings never turn missing information into not-applicable (639.787ms)
✔ explicit v2 migration preserves effective scope, rejects conflicts and never inherits approval (400.79875ms)
✔ frontend and cross-repository extensions preserve required inputs and order (292.398ms)
✔ diff reports byte changes, array order and unknown upstream history without granting continuation (8.099958ms)
✔ DDD design remains a single bound source with its slice-specific invariants visible (150.517375ms)
✔ stage work item cannot be disguised as the implementation contract ticket (74.988625ms)
ℹ tests 76
ℹ suites 0
ℹ pass 76
ℹ fail 0
ℹ cancelled 0
ℹ skipped 0
ℹ todo 0
ℹ duration_ms 45871.911625
