[开始] node -e "console.log(123)"
[完成] node -e "console.log(123)" (32ms, exit=0)
[开始] node -e "process.exit(7)"
[失败] node -e "process.exit(7)" (29ms, exit=7)
[开始] node -e "setTimeout(()=>{},10000)"
✔ actual logs, deduplication, failures and wall time are distinct (64.106042ms)
[失败] node -e "setTimeout(()=>{},10000)" (103ms, exit=130)
✔ interruption preserves partial execution and marks remaining checks (103.213166ms)
✔ shadow executes exactly legacy; explains unrelated scenario exclusions (30.069292ms)
✔ unknown, mixed, executable, core, projection outside pilot, lock and release fail safe (43.347917ms)
✔ path sets cover add delete rename untracked; candidate and release cannot hide actual paths (5.151625ms)
✔ dependency closure and cycles/unknown dependency fail closed (4.88425ms)
✔ qualification binds configuration and source bytes; no automatic expansion (5.697125ms)
✔ missing dependency declaration retains the original check (3.501208ms)
ℹ tests 8
ℹ suites 0
ℹ pass 8
ℹ fail 0
ℹ cancelled 0
ℹ skipped 0
ℹ todo 0
ℹ duration_ms 209.919625
