backend: 初始化身份、独立入口、禁止覆盖和跨端任务边界通过
frontend: 初始化身份、独立入口、禁止覆盖和跨端任务边界通过
✔ Frontend-only v4 可先完成战略预检，并以 backend-not-applicable 接收 (3677.946083ms)
▶ 战略与后端交付联合接收：便携、真实服务、拒绝不完整/过期输入及执行入口绕过
  ✔ 旧 Spec 摘要阻断战略交付，恢复源字节后可继续 (217.707959ms)
  ✔ 导出拒绝缺失场景、篡改接口及错误批准 (712.3465ms)
  ✔ 草案/缺少两类产物不能进入前端任务 (1293.24625ms)
  ✔ 源仓消失后可验 ZIP 并独立恢复；输入就绪不授予代码实施 (9307.297292ms)
  ✔ 实现边界读取持久化合同并冻结接收记录及用例字节 (5431.492083ms)
  ✔ 部署版本/数据失配与服务失败使旧接收记录失效 (14570.519541ms)
  ✔ 范围、摘要和逐条承接缺口均拒绝 (7418.683333ms)
  ✔ 已导入更新版本阻断旧切片；包篡改拒绝 (691.613709ms)
✔ 战略与后端交付联合接收：便携、真实服务、拒绝不完整/过期输入及执行入口绕过 (44473.723167ms)
ℹ tests 10
ℹ suites 0
ℹ pass 10
ℹ fail 0
ℹ cancelled 0
ℹ skipped 0
ℹ todo 0
ℹ duration_ms 48155.294875
生成实例接力及阻断验证通过；服务为维护测试进程，不是产品部署验收。
