✔ ordinary engineering work reuses explicit authorization through public approval and CLI (448.558125ms)
✔ product design can continue after independent review without a repeated human reply (72.631375ms)
✔ source approval continuation is verified by all three dedicated receivers (816.65525ms)
✔ Plan entry consumes continuation and still blocks incomplete checks (169.094ms)
✔ implementation continuation preserves contract, repository and write-path checks (226.158292ms)
✔ conflicting direct decision and continuation references are rejected (1.640834ms)
✔ no reply and revoked source authorization cannot continue (148.290125ms)
✔ new scope, new target and side effects cannot inherit authorization (6.013125ms)
✔ material changes and unclassified changes require a decision (143.778709ms)
✔ new risk, quality reduction or changed authorization cannot be labelled cosmetic (302.26575ms)
✔ self review, wrong expertise, missing comparisons and stale verification block (320.796ms)
✔ external policy unknown, missing approvals and changed policy cannot be waived (378.576292ms)
✔ suggestions do not block, unresolved defects and missing evidence do (304.158709ms)
✔ formatting refresh requires new current review but not another source reply (148.138291ms)
✔ older receivers without continuation capability reject rather than silently approve (4.464167ms)
✔ one review bundle retains explicit per-check outcomes and rejects duplicates (11.636709ms)
ℹ tests 16
ℹ suites 0
ℹ pass 16
ℹ fail 0
ℹ cancelled 0
ℹ skipped 0
ℹ todo 0
ℹ duration_ms 3567.214583
