YSS implementation contract compiler stage 7 scenarios passed
✔ combines narrow recipes once and preserves deterministic output (9.729834ms)
✔ does not promote conditional or component dependencies without explicit input (1.0435ms)
✔ loads only explicitly satisfied context-conditional dependencies (0.662166ms)
✔ requires a platform binding for every backend component capability (3.1005ms)
✔ public compiler entry preserves stable component error codes (10.149125ms)
✔ rejects recipes that reference skills and context-required cycles (3.466334ms)
✔ rejects removed ids and schema v1 without compatibility (0.194875ms)
✔ marks digest drift stale and validates v2 execution evidence (4.870542ms)
✔ marks legacy component contracts without component bindings stale (1.034334ms)
✔ current lifecycle scaffold contract delegates platform facts to the catalog (0.462292ms)
✔ registered component imports and Maven artifacts discover omitted auxiliary skills on their own platform (243.582292ms)
✔ HTTP and DTO are discovered without reported skill impacts (212.06525ms)
✔ renamed controller, annotated interface and local composed annotation stay in coverage (112.206459ms)
✔ missing one rule and duplicate rows cannot masquerade as complete skill review (99.499917ms)
✔ rule-level N/A is allowed for absent pagination, never for the required use-case boundary (126.441583ms)
✔ missing semantics, stale rule and evidence cannot pass (109.672667ms)
✔ baseline can be clean and lacks business Spec but never authorizes implementation (153.324084ms)
✔ baseline evidence binds current code and filesystem modes (131.785375ms)
✔ domain-driven: discover violation → remediation → fresh independent protocol → full reconciliation (164.732833ms)
✔ layered-mvc: discover violation → remediation → fresh independent protocol → full reconciliation (144.129542ms)
✔ keeps registered boot2-java8, manual streaming endpoints need no CRUD metadata (120.4515ms)
✔ keeps registered boot3-java17, manual streaming endpoints need no CRUD metadata (122.602625ms)
✔ MyBatis from mapper XML is detected without Java Mapper naming (95.463167ms)
✔ empty or unparsed business scope cannot claim conformance (91.615583ms)
✔ unknown external annotation requires source-bound responsibility evidence (116.498334ms)
✔ exact registered platform rejects wrong Validation namespace without upgrading JDK (96.926875ms)
✔ comment and string type names are not architecture dependencies (105.244042ms)
✔ persistence cannot import Web DTO even when behavioral assertions are green (97.606125ms)
✔ CLI compilation is read-only and can audit without a Slice or scaffold manifest (192.02675ms)
✔ unclassified existing type is a coverage gap, not an automatic N/A (103.589708ms)
✔ changed source index or wire profile invalidates the locked skill even when SKILL.md is unchanged (122.846917ms)
✔ an empty, skipped or historical test report cannot prove first slice behavior (7.883208ms)
✔ matrix subset excludes unrequested candidates without calling them passed (170.419083ms)
✔ reduced historical v2 is readable but never executable (694.974ms)
✔ v3 verification separates structural reading from real bound approval and freshness (2032.650709ms)
✔ responsibility bindings accept renamed types and require no unused persistence/page adapter (525.204917ms)
✔ independent Standards and Spec record covers every applicable skill (2248.380292ms)
✔ review refuses omitted skill (1918.934125ms)
✔ review refuses self review (1799.240125ms)
✔ review refuses stale candidate (1783.307ms)
✔ review refuses missing rule evidence (1858.558166ms)
✔ review refuses tests green but standards violation (1822.616167ms)
✔ review refuses stale verification bytes (1821.875042ms)
✔ workflow cannot complete review without persisted review inputs (0.335417ms)
✔ actual impact skills cannot be marked not-applicable (1783.388208ms)
✔ untracked executable mode is part of candidate identity (1795.647792ms)
✔ v2 migration preserves old bytes and extra evidence, reduces fields, and never inherits approval (825.424541ms)
ℹ {"v1_fields":31,"v2_fields":23,"reduction":0.25806451612903225}
✔ preparation generates all digests and rejects conflicting sources; actual review governs consumption (471.116625ms)
✔ both API versions reject mismatched Drafts, unresolved review findings, missing evidence and stale versions (1543.597875ms)
✔ design/backend/frontend receivers expose identical review and task constraints using original YAML (2336.792542ms)
✔ a validation operation rejects changed bytes and additions, and the next operation reads fresh input (11.600292ms)
✔ child dependency receipts reject missing, conflicting, and changed sources including policy/schema/message bytes (4.730916ms)
✔ stages isolate immutable parsed values, purposes, roots, units and read-only state; cancellation rejects success (0.606416ms)
✔ branded execution context rejects serialization, another root, read-only upgrade and reuse after its stage (1343.65275ms)
✔ strict YAML and schema batching preserve duplicates, precision, array order, options and error order (77.442833ms)
✔ review is compact, retains acceptance, and never authorizes execution; task retains every constraint (1589.522666ms)
✔ all lifecycle asset groups remain readable and preserve unclassified constraints without granting execution (2642.427291ms)
✔ compact review achieves the byte target without hiding required review information; task includes verification cwd and evidence (1135.67ms)
✔ frozen Ticket keeps tracker updates outside the requirement binding and rejects changed requirements (2007.955667ms)
✔ low risk applicability comes from lifecycle rules; frontend existing baseline cannot hide UI changes (1815.485958ms)
✔ preparation reports independent missing sources together and blocked drafts remain diagnostic-only (892.867209ms)
✔ review reads each aliased source once and exposes missing explanations without repeating acceptance (1060.812667ms)
✔ registered cross-repo preparation and approved dispatch keep same-name paths and cwd distinct (9299.975667ms)
✔ cross-repo execution result rejects same-name evidence substitution and missing joint dependencies (29437.922167ms)
✔ existing UI baseline is fully verified and cannot replace new UI design evidence (1213.094625ms)
✔ preparation blocks compiler basis changes during a single invocation (1182.38975ms)
✔ v3 inherits constraints once and refuses task scope expansion and omitted acceptance (246.72375ms)
✔ preparation reuses Ticket facts, renders persisted YAML and refuses source drift (443.983875ms)
✔ MVC v3 requires real approval bindings and independent review before execution (8359.882ms)
✔ backend and frontend receiving distributions read the same authoritative v3 constraints (1475.970916ms)
✔ conditional contracts and source bindings never turn missing information into not-applicable (622.464459ms)
✔ explicit v2 migration preserves effective scope, rejects conflicts and never inherits approval (404.184917ms)
✔ frontend and cross-repository extensions preserve required inputs and order (274.195ms)
✔ diff reports byte changes, array order and unknown upstream history without granting continuation (6.371917ms)
✔ DDD design remains a single bound source with its slice-specific invariants visible (140.742166ms)
✔ stage work item cannot be disguised as the implementation contract ticket (69.272917ms)
ℹ tests 76
ℹ suites 0
ℹ pass 76
ℹ fail 0
ℹ cancelled 0
ℹ skipped 0
ℹ todo 0
ℹ duration_ms 47034.624
