✔ 战略 YAML 清单投影、固定来源与 WORKTREE 仅在临时副本构建 (479.337417ms)
✔ 两家族从离线固定包创建空目录实例，记录新版基线并保留可执行 mode (489.529541ms)
✔ 旧治理目录仅在显式迁移时转入新目录，保留项目 tracker 配置 (610.213666ms)
✔ 显式迁移不覆盖已修改的旧治理文件 (266.358375ms)
✔ 已初始化实例升级到 Harness profile schema v2 后仍可同步 (593.153416ms)
✔ 通用命令只读、README 保留、退出分发必须显式 prune (2800.561792ms)
✔ attach 默认与 dry-run 零写入，碰撞整次暂停，force 备份且业务文件保持原样 (546.463917ms)
✔ 普通无碰撞仓 attach 预览可应用计划但不创建状态目录 (60.628125ms)
✔ 旧格式、旧 profile、异族、多身份、未知schema和链接拒绝且 force 无法绕过 (654.114709ms)
✔ sync 三方规则：本地保留、模板升级、新增、删除和冲突整次暂停 (1151.24075ms)
✔ init dry-run 无写入；非空目录、未知基线、目录碰撞、嵌套仓库和快照越界均拒绝 (989.661042ms)
✔ 写入失败自动恢复内容与 metadata，备份失败不应用计划 (1511.308417ms)
✔ 进程中断后预览只诊断；下次 apply 恢复再允许重试 (1431.794667ms)
✔ update/upgrade 使用固定包名检查新版，源码安装仅输出指引且实例不变 (762.378917ms)
✔ init --git-init 创建独立 Git；非法参数不留下项目 (728.779958ms)
✔ 未检出的声明 gitlink、硬链接、未知状态目录和跨家族恢复保持零写入 (253.480958ms)
✔ 并发修改和恢复失败保留外部修改，明确报告未恢复路径 (851.189875ms)
✔ 中断恢复前拒绝旧身份、嵌套仓库、声明gitlink及损坏备份，整次零写入 (3253.756125ms)
✔ 实际入口尾斜杠的全局安装识别保留 -g，upgrade 不降级 (214.314042ms)
✔ 重复身份字段不能通过 force 同步 (571.070083ms)
✔ 真实入口禁止在 CLI 包内子目录初始化，不破坏受锁核心 (71.686042ms)
✔ update --force 不把较新 CLI 降级到 registry 的旧版本 (113.754208ms)
✔ 技能退役清理空目录，但保留用户文件；失败后恢复技能 (2058.1125ms)
✔ 同步与接入保留已有业务词汇表，即使模板同时更新且传入 force (4188.864042ms)
✔ WAL 兼容旧 progress 恢复，忽略未完成尾部且拒绝完整损坏记录 (2666.399875ms)
✔ WAL 和目标持久化阶段失败均回滚且不推进 metadata (4741.622792ms)
✔ 持久化模型：目录项未落盘时恢复接受 before/after 混合状态 (783.841541ms)
✔ 持久化顺序：WAL 与文件 fsync 先于 rename，目录屏障先于 metadata (873.016334ms)
✔ 初始化先持久化新目标的父目录；父目录刷盘失败不写入业务文件 (660.429958ms)
▶ 持久化边界矩阵：异常与进程中断都保留可证明的恢复状态
  ✔ backup/throw (657.307916ms)
  ✔ backup/kill (664.100667ms)
  ✔ wal-write/throw (726.068834ms)
  ✔ wal-write/kill (763.896125ms)
  ✔ wal-fsync/throw (718.21525ms)
  ✔ wal-fsync/kill (761.388291ms)
  ✔ target-fsync/throw (830.299125ms)
  ✔ target-fsync/kill (886.198125ms)
  ✔ rename/throw (845.122ms)
  ✔ rename/kill (862.020125ms)
  ✔ directory/throw (828.002125ms)
  ✔ directory/kill (900.987875ms)
  ✔ commit/throw (901.666875ms)
  ✔ commit/kill (855.573833ms)
✔ 持久化边界矩阵：异常与进程中断都保留可证明的恢复状态 (11855.698ms)
✔ 临时文件被用户修改或在独占创建前抢占时保留恢复清单 (1677.19225ms)
✔ 三家族 .gitignore 区块保留用户字节，损坏标记阻断，prune 不删修改文件 (2888.673542ms)
✔ 三家族手册退出分发仅由 prune 删除未修改 baseline (3655.166834ms)
✔ 三家族参数、异族、硬链接和嵌套仓库不能经新命令绕过 (4483.631791ms)
✔ 战略 v1 缺少证据不迁移，合法来源仅在 apply 转换，未知 mode 不授予 prune (1006.009125ms)
✔ 三家族真实写入、中断、备份损坏、并发修改及校验失败均保持恢复边界 (11135.493792ms)
✔ tracker remains project-owned on sync and force; new init enables stage tracking (669.872167ms)
ℹ tests 51
ℹ suites 0
ℹ pass 51
ℹ fail 0
ℹ cancelled 0
ℹ skipped 0
ℹ todo 0
ℹ duration_ms 71320.918708
