✔ ordinary engineering work reuses explicit authorization through public approval and CLI (444.643125ms)
✔ product design can continue after independent review without a repeated human reply (76.567958ms)
✔ source approval continuation is verified by all three dedicated receivers (817.761625ms)
✔ Plan entry consumes continuation and still blocks incomplete checks (167.4325ms)
✔ implementation continuation preserves contract, repository and write-path checks (214.596792ms)
✔ conflicting direct decision and continuation references are rejected (1.888916ms)
✔ no reply and revoked source authorization cannot continue (141.919ms)
✔ new scope, new target and side effects cannot inherit authorization (6.441625ms)
✔ material changes and unclassified changes require a decision (142.387917ms)
✔ new risk, quality reduction or changed authorization cannot be labelled cosmetic (298.261334ms)
✔ self review, wrong expertise, missing comparisons and stale verification block (282.502625ms)
✔ external policy unknown, missing approvals and changed policy cannot be waived (358.990333ms)
✔ suggestions do not block, unresolved defects and missing evidence do (283.287375ms)
✔ formatting refresh requires new current review but not another source reply (140.204959ms)
✔ older receivers without continuation capability reject rather than silently approve (3.806333ms)
✔ one review bundle retains explicit per-check outcomes and rejects duplicates (11.756292ms)
ℹ tests 16
ℹ suites 0
ℹ pass 16
ℹ fail 0
ℹ cancelled 0
ℹ skipped 0
ℹ todo 0
ℹ duration_ms 3456.212959
