✔ 既有 UI 验证真实文件闭包并拒绝源码/锁文件/构建/API/截图篡改 (716.606958ms)
✔ 既有 UI 拒绝未知版本、UI 变更和自洽但跨来源 capture (279.052333ms)
✔ Handoff v5 既有基线从源导出、离线只读验包、前端导入 v2 预检草案 (2715.574583ms)
✔ Handoff v5 原型仍验证离线原型；v4 原版本保持，未知版本拒绝 (3298.061917ms)
✔ 真实用户决定必须覆盖既有 manifest 当前原字节；结构批准不能代替 (701.128875ms)
✔ 重算包内摘要不能复用旧用户批准；UI=true 不能走既有分支 (555.137583ms)
✔ 前端 v2 预检与 v3 接收实际执行；跨类型、悬空 case、协议降级拒绝 (8413.258209ms)
✔ 自洽摘要不能掩盖 build/source、API operation 与截图 viewport 冲突 (272.500958ms)
✔ v5 既有基线与后端交付联合接收会执行真实 HTTP 五字段探测 (10420.08975ms)
✔ 固定 Vite 代理映射保留真实前缀 URL；错误 prefix、未绑定配置与任意 rewrite 拒绝 (362.95775ms)
✔ 真实战略专职 policy 使用产品设计聚合门禁；ready-for-human 原字节确认可导出且状态改写失效 (4609.586041ms)
✔ 既有 UI 全目录作为已验证观测文件集：源删除后可验包，治理悬空引用仍拒绝 (2135.27725ms)
ℹ tests 12
ℹ suites 0
ℹ pass 12
ℹ fail 0
ℹ cancelled 0
ℹ skipped 0
ℹ todo 0
ℹ duration_ms 34482.750291
