🚀 开始生成项目: platform-service
📦 基础包名: com.yss.platform
📁 输出目录: /var/folders/8d/60y8vj2j0nn37t4h26zbvvhw0000gn/T/yss-platform-matrix-P1XceK/output

📁 创建项目目录结构...
  ✓ platform-service-domain
  ✓ platform-service-application
  ✓ platform-service-infrastructure
  ✓ platform-service-adapter
  ✓ platform-service-bootstrap
  ✓ platform-service-adapter/platform-service-web
  ✓ db

📝 生成 Maven POM 文件...
  ✓ 父级 pom.xml
  ✓ domain pom.xml
  ✓ application pom.xml
  ✓ infrastructure pom.xml
  ✓ adapter pom.xml
  ✓ web pom.xml
  ✓ bootstrap pom.xml

☕ 生成机械启动入口...
  ✓ PlatformServiceApplication.java
  ✓ ArchitectureRulesTest.java

⚙️  生成配置文件...
  ✓ application.yml
  ✓ application-scaffold-local.yml
  ✓ test H2 configuration
  ✓ logback-spring.xml

🗃️  保留数据库目录布局...
  ✓ db/（业务 schema 和初始化数据由批准切片合同生成）

📚 生成项目文档...
  ✓ README.md
  ✓ .yss/scaffold-generation.json

✅ 工程文件生成完成，等待受控 Maven 验证
📂 项目位置: /var/folders/8d/60y8vj2j0nn37t4h26zbvvhw0000gn/T/yss-platform-matrix-P1XceK/output/platform-service

🎯 下一步:
  cd /var/folders/8d/60y8vj2j0nn37t4h26zbvvhw0000gn/T/yss-platform-matrix-P1XceK/output/platform-service
  ./mvnw validate
  ./mvnw test
  ./mvnw package
  ./mvnw spring-boot:run -pl platform-service-bootstrap
✔ candidate rendering only: domain-driven spring-boot-2.7-jdk8 (661.409416ms)
🚀 开始生成项目: platform-service
📦 基础包名: com.yss.platform
📁 输出目录: /var/folders/8d/60y8vj2j0nn37t4h26zbvvhw0000gn/T/yss-platform-matrix-7N0U2e/output

📁 创建项目目录结构...
  ✓ platform-service-domain
  ✓ platform-service-application
  ✓ platform-service-infrastructure
  ✓ platform-service-adapter
  ✓ platform-service-bootstrap
  ✓ platform-service-adapter/platform-service-web
  ✓ db

📝 生成 Maven POM 文件...
  ✓ 父级 pom.xml
  ✓ domain pom.xml
  ✓ application pom.xml
  ✓ infrastructure pom.xml
  ✓ adapter pom.xml
  ✓ web pom.xml
  ✓ bootstrap pom.xml

☕ 生成机械启动入口...
  ✓ PlatformServiceApplication.java
  ✓ ArchitectureRulesTest.java

⚙️  生成配置文件...
  ✓ application.yml
  ✓ application-scaffold-local.yml
  ✓ test H2 configuration
  ✓ logback-spring.xml

🗃️  保留数据库目录布局...
  ✓ db/（业务 schema 和初始化数据由批准切片合同生成）

📚 生成项目文档...
  ✓ README.md
  ✓ .yss/scaffold-generation.json

✅ 工程文件生成完成，等待受控 Maven 验证
📂 项目位置: /var/folders/8d/60y8vj2j0nn37t4h26zbvvhw0000gn/T/yss-platform-matrix-7N0U2e/output/platform-service

🎯 下一步:
  cd /var/folders/8d/60y8vj2j0nn37t4h26zbvvhw0000gn/T/yss-platform-matrix-7N0U2e/output/platform-service
  ./mvnw validate
  ./mvnw test
  ./mvnw package
  ./mvnw spring-boot:run -pl platform-service-bootstrap
✔ candidate rendering only: domain-driven spring-boot-3.5-jdk17 (600.677166ms)
🚀 开始生成项目: platform-service
📦 基础包名: com.yss.platform
📁 输出目录: /var/folders/8d/60y8vj2j0nn37t4h26zbvvhw0000gn/T/yss-platform-matrix-867jFm/output

📁 创建项目目录结构...
  ✓ platform-service-domain
  ✓ platform-service-application
  ✓ platform-service-infrastructure
  ✓ platform-service-adapter
  ✓ platform-service-bootstrap
  ✓ platform-service-adapter/platform-service-web
  ✓ db

📝 生成 Maven POM 文件...
  ✓ 父级 pom.xml
  ✓ domain pom.xml
  ✓ application pom.xml
  ✓ infrastructure pom.xml
  ✓ adapter pom.xml
  ✓ web pom.xml
  ✓ bootstrap pom.xml

☕ 生成机械启动入口...
  ✓ PlatformServiceApplication.java
  ✓ ArchitectureRulesTest.java

⚙️  生成配置文件...
  ✓ application.yml
  ✓ application-scaffold-local.yml
  ✓ test H2 configuration
  ✓ logback-spring.xml

🗃️  保留数据库目录布局...
  ✓ db/（业务 schema 和初始化数据由批准切片合同生成）

📚 生成项目文档...
  ✓ README.md
  ✓ .yss/scaffold-generation.json

✅ 工程文件生成完成，等待受控 Maven 验证
📂 项目位置: /var/folders/8d/60y8vj2j0nn37t4h26zbvvhw0000gn/T/yss-platform-matrix-867jFm/output/platform-service

🎯 下一步:
  cd /var/folders/8d/60y8vj2j0nn37t4h26zbvvhw0000gn/T/yss-platform-matrix-867jFm/output/platform-service
  ./mvnw validate
  ./mvnw test
  ./mvnw package
  ./mvnw spring-boot:run -pl platform-service-bootstrap
✔ candidate rendering only: domain-driven spring-boot-3.5-jdk21 (588.989666ms)
{
  "status": "generated",
  "project_root": "/var/folders/8d/60y8vj2j0nn37t4h26zbvvhw0000gn/T/yss-platform-matrix-3VLVC2/output/platform-service",
  "modules": [
    "server",
    "service",
    "repository",
    "adapter",
    "client",
    "feign-client"
  ]
}
✔ candidate rendering only: layered-mvc spring-boot-2.7-jdk8 (572.976959ms)
{
  "status": "generated",
  "project_root": "/var/folders/8d/60y8vj2j0nn37t4h26zbvvhw0000gn/T/yss-platform-matrix-gfdnY8/output/platform-service",
  "modules": [
    "server",
    "service",
    "repository",
    "adapter",
    "client",
    "feign-client"
  ]
}
✔ candidate rendering only: layered-mvc spring-boot-3.5-jdk17 (583.824208ms)
{
  "status": "generated",
  "project_root": "/var/folders/8d/60y8vj2j0nn37t4h26zbvvhw0000gn/T/yss-platform-matrix-LMTsc1/output/platform-service",
  "modules": [
    "server",
    "service",
    "repository",
    "adapter",
    "client",
    "feign-client"
  ]
}
✔ candidate rendering only: layered-mvc spring-boot-3.5-jdk21 (577.022208ms)
✔ unsupported component platform never synthesizes a binding: domain-driven spring-boot-4.1-jdk17 (72.320125ms)
✔ unsupported component platform never synthesizes a binding: domain-driven spring-boot-4.1-jdk21 (71.634708ms)
✔ unsupported component platform never synthesizes a binding: layered-mvc spring-boot-4.1-jdk17 (70.572667ms)
✔ unsupported component platform never synthesizes a binding: layered-mvc spring-boot-4.1-jdk21 (71.420084ms)
✔ v2 scaffold schema rejects a platform binding without the normalized component line (79.244041ms)
✔ production fail-closed and zero writes: domain-driven (554.818875ms)
✔ production fail-closed and zero writes: layered-mvc (551.084792ms)
✔ version, digest, namespace, YSS coordinates and decision mismatches are rejected (1.265584ms)
✔ runtime dependencies require startup module, proper scope and exact independent Boot BOM (3.670042ms)
✔ packaged runtime jar must contain every runtime artifact (0.261375ms)
✔ integration evidence rejects skipped tests and missing optional Feign coverage (0.650125ms)
✔ verified compatibility binds report bytes and every portable evidence artifact (9.0375ms)
✔ multiple exact patches coexist without rebinding earlier contracts (0.44825ms)
✔ component capabilities are nested by registry capability id and uncertified profiles stay closed (1.065459ms)
✔ Boot 3 catalog parser rejects drift in candidate and platform-managed bindings (3.320917ms)
✔ artifact resolution evidence binds catalog coordinates and bytes (2.51775ms)
✔ component adoption, platform generation and retirement evidence expose stable failure codes (1.333958ms)
✔ component capability resolver returns exact serializable bindings and fails closed (1.725458ms)
✔ component capability resolver rejects coordinate conflicts and evidence drift (1.390292ms)
✔ resolved SNAPSHOT, POM/JAR digests and source tree are mandatory for verified components (1.223667ms)
✔ resolveBackendPlatform loads the catalog beneath an explicit root (1.235958ms)
✔ backend-platforms require-profile exposes nested component blockers and exits non-zero (78.482916ms)
{
  "status": "generated",
  "project_root": "/var/folders/8d/60y8vj2j0nn37t4h26zbvvhw0000gn/T/yss-platform-resume-lWdp47/output/platform-service",
  "modules": [
    "server",
    "service",
    "repository",
    "adapter",
    "client",
    "feign-client"
  ]
}
✔ resume never regenerates or accepts changed files, extra source or changed contracts (519.908583ms)
ℹ tests 29
ℹ suites 0
ℹ pass 29
ℹ fail 0
ℹ cancelled 0
ℹ skipped 0
ℹ todo 0
ℹ duration_ms 5755.21575
