✔ 生成批准的服务级 target profile 骨架，并写入带设计门禁的 Manifest v4 (631.676375ms)
✔ 数据影响为 required 时绑定数据架构后可生成 DDD 后端 (618.333167ms)
✔ API 影响为 required 时绑定同字节 Draft、Validation、Review 和 Freeze 后可生成 DDD 后端 (682.538875ms)
✔ 缺少设计门禁时在写文件前拒绝 DDD 新生成 (138.298708ms)
✔ 技术和数据设计齐全但缺少 API Decision 时在写文件前拒绝 DDD 新生成 (132.31225ms)
✔ API Draft、Validation、Review 或工程批准漂移时均在零写入状态阻断 DDD (2195.9305ms)
✔ schema v3 只读兼容但禁止用于 DDD 新生成 (64.680292ms)
✔ schema v1 scaffold contract is unsupported and is never upgraded (64.203458ms)
﹣ 一键工作流只有在真实 Maven 三命令全部通过后才报告完成 (0.239125ms) # 缺少受控 YSS Maven 仓库环境，真实 Wrapper 验证由 L3 环境门禁执行
✔ 显式 Maven 坐标贯穿批准合同、生成参数、全部 POM 和生成清单 (589.806667ms)
✔ 生成工程声明命名仓库 profile、target DDD 依赖边界和构建门禁 (588.798291ms)
✔ 生成工程固定平台 profile、Wrapper checksum，并把调试日志隔离到 local 配置 (595.3765ms)
✔ initialize-only 在写文件前拒绝任何已存在目标和 --force (660.948917ms)
✔ 拒绝基础包名与批准合同不一致 (129.4735ms)
✔ 合同 project_name、profile 和 allowed_write_paths 必须约束实际输出 (384.369875ms)
✔ initialize-only 拒绝以 --force 覆盖 .gitmodules 登记的挂载点 (61.103917ms)
Cloning into '/private/var/folders/8d/60y8vj2j0nn37t4h26zbvvhw0000gn/T/yss-gitlink-eaJmjy/super/apps/backend/billing-service'...
done.
HEAD is now at 41f407c init child
✔ 拒绝在 detached HEAD 子仓工作树内当成普通目录生成 (402.951958ms)
✔ --force 覆盖真实 gitlink 不得走普通目录覆盖路径 (218.930875ms)
[开始] /var/folders/8d/60y8vj2j0nn37t4h26zbvvhw0000gn/T/yss-scaffold-verifier-PNJErx/project/mvnw validate
[完成] /var/folders/8d/60y8vj2j0nn37t4h26zbvvhw0000gn/T/yss-scaffold-verifier-PNJErx/project/mvnw (4ms, exit=0)
[开始] /var/folders/8d/60y8vj2j0nn37t4h26zbvvhw0000gn/T/yss-scaffold-verifier-PNJErx/project/mvnw test
[失败] /var/folders/8d/60y8vj2j0nn37t4h26zbvvhw0000gn/T/yss-scaffold-verifier-PNJErx/project/mvnw (3ms, exit=2)
[开始] /var/folders/8d/60y8vj2j0nn37t4h26zbvvhw0000gn/T/yss-scaffold-verifier-PNJErx/project/mvnw package
[完成] /var/folders/8d/60y8vj2j0nn37t4h26zbvvhw0000gn/T/yss-scaffold-verifier-PNJErx/project/mvnw (3ms, exit=0)
✔ 验证器记录三条 wrapper 命令的成功和失败证据 (15.771042ms)
[开始] /var/folders/8d/60y8vj2j0nn37t4h26zbvvhw0000gn/T/yss-scaffold-repository-failure-5V2O9i/project/mvnw validate
[失败] /var/folders/8d/60y8vj2j0nn37t4h26zbvvhw0000gn/T/yss-scaffold-repository-failure-5V2O9i/project/mvnw (3ms, exit=1)
[开始] /var/folders/8d/60y8vj2j0nn37t4h26zbvvhw0000gn/T/yss-scaffold-repository-failure-5V2O9i/project/mvnw test
[失败] /var/folders/8d/60y8vj2j0nn37t4h26zbvvhw0000gn/T/yss-scaffold-repository-failure-5V2O9i/project/mvnw (3ms, exit=1)
[开始] /var/folders/8d/60y8vj2j0nn37t4h26zbvvhw0000gn/T/yss-scaffold-repository-failure-5V2O9i/project/mvnw package
[失败] /var/folders/8d/60y8vj2j0nn37t4h26zbvvhw0000gn/T/yss-scaffold-repository-failure-5V2O9i/project/mvnw (3ms, exit=1)
✔ 验证器把内部仓库解析失败与编译失败分开报告 (12.931541ms)
[开始] /var/folders/8d/60y8vj2j0nn37t4h26zbvvhw0000gn/T/yss-scaffold-build-failure-hpGl54/project/mvnw validate
[完成] /var/folders/8d/60y8vj2j0nn37t4h26zbvvhw0000gn/T/yss-scaffold-build-failure-hpGl54/project/mvnw (4ms, exit=0)
[开始] /var/folders/8d/60y8vj2j0nn37t4h26zbvvhw0000gn/T/yss-scaffold-build-failure-hpGl54/project/mvnw test
[完成] /var/folders/8d/60y8vj2j0nn37t4h26zbvvhw0000gn/T/yss-scaffold-build-failure-hpGl54/project/mvnw (3ms, exit=0)
[开始] /var/folders/8d/60y8vj2j0nn37t4h26zbvvhw0000gn/T/yss-scaffold-build-failure-hpGl54/project/mvnw package
[失败] /var/folders/8d/60y8vj2j0nn37t4h26zbvvhw0000gn/T/yss-scaffold-build-failure-hpGl54/project/mvnw (3ms, exit=1)
[开始] /var/folders/8d/60y8vj2j0nn37t4h26zbvvhw0000gn/T/yss-scaffold-build-failure-ikgrwA/project/mvnw validate
[完成] /var/folders/8d/60y8vj2j0nn37t4h26zbvvhw0000gn/T/yss-scaffold-build-failure-ikgrwA/project/mvnw (3ms, exit=0)
[开始] /var/folders/8d/60y8vj2j0nn37t4h26zbvvhw0000gn/T/yss-scaffold-build-failure-ikgrwA/project/mvnw test
[完成] /var/folders/8d/60y8vj2j0nn37t4h26zbvvhw0000gn/T/yss-scaffold-build-failure-ikgrwA/project/mvnw (3ms, exit=0)
[开始] /var/folders/8d/60y8vj2j0nn37t4h26zbvvhw0000gn/T/yss-scaffold-build-failure-ikgrwA/project/mvnw package
[失败] /var/folders/8d/60y8vj2j0nn37t4h26zbvvhw0000gn/T/yss-scaffold-build-failure-ikgrwA/project/mvnw (3ms, exit=1)
✔ 验证器单独标记 Java 编译失败和 Bootstrap 主类缺失 (24.32ms)
[开始] /var/folders/8d/60y8vj2j0nn37t4h26zbvvhw0000gn/T/yss-scaffold-verifier-success-n0X6so/project/mvnw validate
[完成] /var/folders/8d/60y8vj2j0nn37t4h26zbvvhw0000gn/T/yss-scaffold-verifier-success-n0X6so/project/mvnw (3ms, exit=0)
[开始] /var/folders/8d/60y8vj2j0nn37t4h26zbvvhw0000gn/T/yss-scaffold-verifier-success-n0X6so/project/mvnw test
[完成] /var/folders/8d/60y8vj2j0nn37t4h26zbvvhw0000gn/T/yss-scaffold-verifier-success-n0X6so/project/mvnw (3ms, exit=0)
[开始] /var/folders/8d/60y8vj2j0nn37t4h26zbvvhw0000gn/T/yss-scaffold-verifier-success-n0X6so/project/mvnw package
[完成] /var/folders/8d/60y8vj2j0nn37t4h26zbvvhw0000gn/T/yss-scaffold-verifier-success-n0X6so/project/mvnw (3ms, exit=0)
✔ 验证器在全部 Maven 命令成功时通过并保留日志引用 (12.109333ms)
✔ 历史 Manifest v3 只读校验仍在缺少受控仓库环境时先于 Maven 阻断 (1.785958ms)
✔ Manifest schema v1 is unsupported and verifier never executes its wrapper (1.457625ms)
[开始] /var/folders/8d/60y8vj2j0nn37t4h26zbvvhw0000gn/T/yss-scaffold-redaction-XIgruR/project/mvnw validate
[完成] /var/folders/8d/60y8vj2j0nn37t4h26zbvvhw0000gn/T/yss-scaffold-redaction-XIgruR/project/mvnw (3ms, exit=0)
[开始] /var/folders/8d/60y8vj2j0nn37t4h26zbvvhw0000gn/T/yss-scaffold-redaction-XIgruR/project/mvnw test
[完成] /var/folders/8d/60y8vj2j0nn37t4h26zbvvhw0000gn/T/yss-scaffold-redaction-XIgruR/project/mvnw (3ms, exit=0)
[开始] /var/folders/8d/60y8vj2j0nn37t4h26zbvvhw0000gn/T/yss-scaffold-redaction-XIgruR/project/mvnw package
[完成] /var/folders/8d/60y8vj2j0nn37t4h26zbvvhw0000gn/T/yss-scaffold-redaction-XIgruR/project/mvnw (3ms, exit=0)
✔ 验证日志会脱敏 Maven 仓库凭据 (12.6295ms)
ℹ tests 25
ℹ suites 0
ℹ pass 24
ℹ fail 0
ℹ cancelled 0
ℹ skipped 1
ℹ todo 0
ℹ duration_ms 8309.316291
