YSS implementation contract compiler stage 7 scenarios passed
✔ combines narrow recipes once and preserves deterministic output (11.670875ms)
✔ does not promote conditional or component dependencies without explicit input (0.922625ms)
✔ loads only explicitly satisfied context-conditional dependencies (0.589ms)
✔ requires a platform binding for every backend component capability (0.844041ms)
✔ public compiler entry preserves stable component error codes (9.212584ms)
✔ rejects recipes that reference skills and context-required cycles (2.438625ms)
✔ rejects removed ids and schema v1 without compatibility (0.201542ms)
✔ marks digest drift stale and validates v2 execution evidence (10.12875ms)
✔ marks legacy component contracts without component bindings stale (1.288958ms)
✔ current lifecycle scaffold contract delegates platform facts to the catalog (0.421416ms)
✔ registered component imports and Maven artifacts discover omitted auxiliary skills on their own platform (308.47375ms)
✔ HTTP and DTO are discovered without reported skill impacts (270.756416ms)
✔ renamed controller, annotated interface and local composed annotation stay in coverage (186.636209ms)
✔ missing one rule and duplicate rows cannot masquerade as complete skill review (178.81325ms)
✔ rule-level N/A is allowed for absent pagination, never for the required use-case boundary (137.29225ms)
✔ missing semantics, stale rule and evidence cannot pass (143.604166ms)
✔ baseline can be clean and lacks business Spec but never authorizes implementation (173.168417ms)
✔ baseline evidence binds current code and filesystem modes (165.204625ms)
✔ domain-driven: discover violation → remediation → fresh independent protocol → full reconciliation (220.41725ms)
✔ layered-mvc: discover violation → remediation → fresh independent protocol → full reconciliation (170.645042ms)
✔ keeps registered boot2-java8, manual streaming endpoints need no CRUD metadata (127.8495ms)
✔ keeps registered boot3-java17, manual streaming endpoints need no CRUD metadata (137.93725ms)
✔ MyBatis from mapper XML is detected without Java Mapper naming (126.712416ms)
✔ empty or unparsed business scope cannot claim conformance (118.05925ms)
✔ unknown external annotation requires source-bound responsibility evidence (162.93775ms)
✔ exact registered platform rejects wrong Validation namespace without upgrading JDK (131.690208ms)
✔ comment and string type names are not architecture dependencies (111.935709ms)
✔ persistence cannot import Web DTO even when behavioral assertions are green (107.671ms)
✔ CLI compilation is read-only and can audit without a Slice or scaffold manifest (215.462791ms)
✔ unclassified existing type is a coverage gap, not an automatic N/A (105.161084ms)
✔ changed source index or wire profile invalidates the locked skill even when SKILL.md is unchanged (139.112ms)
✔ an empty, skipped or historical test report cannot prove first slice behavior (5.208916ms)
✔ matrix subset excludes unrequested candidates without calling them passed (167.888833ms)
✔ reduced historical v2 is readable but never executable (903.294416ms)
✔ v3 verification separates structural reading from real bound approval and freshness (2221.831333ms)
✔ responsibility bindings accept renamed types and require no unused persistence/page adapter (613.36975ms)
✔ independent Standards and Spec record covers every applicable skill (2674.622417ms)
✔ review refuses omitted skill (2012.291792ms)
✔ review refuses self review (1807.010875ms)
✔ review refuses stale candidate (1770.50325ms)
✔ review refuses missing rule evidence (1825.224791ms)
✔ review refuses tests green but standards violation (1838.285542ms)
✔ review refuses stale verification bytes (1817.254458ms)
✔ workflow cannot complete review without persisted review inputs (0.38225ms)
✔ actual impact skills cannot be marked not-applicable (1803.133167ms)
✔ untracked executable mode is part of candidate identity (1770.78325ms)
✔ v2 migration preserves old bytes and extra evidence, reduces fields, and never inherits approval (953.654333ms)
ℹ {"v1_fields":31,"v2_fields":23,"reduction":0.25806451612903225}
✔ preparation generates all digests and rejects conflicting sources; actual review governs consumption (496.55575ms)
✔ both API versions reject mismatched Drafts, unresolved review findings, missing evidence and stale versions (1646.593625ms)
✔ design/backend/frontend receivers expose identical review and task constraints using original YAML (2635.679541ms)
✔ a validation operation rejects changed bytes and additions, and the next operation reads fresh input (4.091666ms)
✔ child dependency receipts reject missing, conflicting, and changed sources including policy/schema/message bytes (6.702667ms)
✔ stages isolate immutable parsed values, purposes, roots, units and read-only state; cancellation rejects success (0.652834ms)
✔ branded execution context rejects serialization, another root, read-only upgrade and reuse after its stage (1608.742125ms)
✔ strict YAML and schema batching preserve duplicates, precision, array order, options and error order (75.833292ms)
✔ review is compact, retains acceptance, and never authorizes execution; task retains every constraint (1874.222542ms)
✔ all lifecycle asset groups remain readable and preserve unclassified constraints without granting execution (2781.63025ms)
✔ review keeps its summary byte budget while retaining all mandatory global constraints; task includes verification cwd and evidence (1151.615083ms)
✔ current completion rejects legacy, unrelated, tampered, stale and uncovered execution evidence (21872.602666ms)
✔ research closes on current evidence, continuation requires bound authorization, repository identity cannot be spoofed (271.824833ms)
✔ focused task includes unit and universal acceptance, preserves constraints and offers full reference (1774.296458ms)
✔ recovery view binds task and contract, refuses unknown or mismatched task and remains readonly (1201.018917ms)
✔ frozen Ticket keeps tracker updates outside the requirement binding and rejects changed requirements (2412.730708ms)
✔ low risk applicability comes from lifecycle rules; frontend existing baseline cannot hide UI changes (1967.246042ms)
✔ preparation reports independent missing sources together and blocked drafts remain diagnostic-only (907.631167ms)
✔ review reads each aliased source once and exposes missing explanations without repeating acceptance (1058.046167ms)
✔ registered cross-repo preparation and approved dispatch keep same-name paths and cwd distinct (9185.738375ms)
✔ cross-repo execution result rejects same-name evidence substitution and missing joint dependencies (28331.828458ms)
✔ existing UI baseline is fully verified and cannot replace new UI design evidence (1209.730625ms)
✔ preparation blocks compiler basis changes during a single invocation (1191.849333ms)
✔ v3 inherits constraints once and refuses task scope expansion and omitted acceptance (275.035917ms)
✔ preparation reuses Ticket facts, renders persisted YAML and refuses source drift (475.895083ms)
✔ MVC v3 requires real approval bindings and independent review before execution (8601.710875ms)
✔ backend and frontend receiving distributions read the same authoritative v3 constraints (1473.821666ms)
✔ conditional contracts and source bindings never turn missing information into not-applicable (610.626333ms)
✔ explicit v2 migration preserves effective scope, rejects conflicts and never inherits approval (387.814125ms)
✔ frontend and cross-repository extensions preserve required inputs and order (271.474084ms)
✔ diff reports byte changes, array order and unknown upstream history without granting continuation (6.610167ms)
✔ DDD design remains a single bound source with its slice-specific invariants visible (136.893125ms)
✔ stage work item cannot be disguised as the implementation contract ticket (67.796333ms)
ℹ tests 80
ℹ suites 0
ℹ pass 80
ℹ fail 0
ℹ cancelled 0
ℹ skipped 0
ℹ todo 0
ℹ duration_ms 46422.831208
