验证 selection: shadow -> shadow，范围: complete-candidate
模板核验 profile: release -> release
[开始] node --test submodules/create-yss-spec/tests/sync-fast-smoke.test.js
[完成] node --test submodules/create-yss-spec/tests/sync-fast-smoke.test.js (2780ms, exit=0)
[开始] scripts/verify-repository-scope-scenarios
[完成] scripts/verify-repository-scope-scenarios (1100ms, exit=0)
[开始] node --test .template-source/cli-core/tests/*.test.mjs
[完成] node --test .template-source/cli-core/tests/*.test.mjs (36341ms, exit=0)
[开始] scripts/verify-frontend-delivery-scenarios
[完成] scripts/verify-frontend-delivery-scenarios (35414ms, exit=0)
[开始] node .template-source/scripts/verify-delivery-harness-distribution.mjs
[失败] node .template-source/scripts/verify-delivery-harness-distribution.mjs (58344ms, exit=130)

[cli-sync]
$ node --test submodules/create-yss-spec/tests/sync-fast-smoke.test.js (2780ms)
✔ sync fast path preserves unchanged files, project assets and rollback (2708.564417ms)
ℹ tests 1
ℹ suites 0
ℹ pass 1
ℹ fail 0
ℹ cancelled 0
ℹ skipped 0
ℹ todo 0
ℹ duration_ms 2747.250167
$ scripts/verify-repository-scope-scenarios (1100ms)
named stress unknown_scope: PASS
named stress layout_mismatch: PASS
named stress same_origin_url: PASS
named stress copy_source_into_harness: PASS
named stress missing_git_entry_mode: PASS
named stress empty_gitlink_as_regular_dir: PASS
named stress declared_harness_apps_actual_gitlink: PASS
named stress detached_head_as_regular_dir: PASS
named stress force_overlay_mount: PASS
实现仓库 repository_scope 压力场景验证通过
Cloning into '/private/var/folders/8d/60y8vj2j0nn37t4h26zbvvhw0000gn/T/yss-gitlink-SoBpaW/super/apps/backend/billing-service'...
done.
HEAD is now at b9c1abd init child
Cloning into '/private/var/folders/8d/60y8vj2j0nn37t4h26zbvvhw0000gn/T/yss-gitlink-opZRG1/super/apps/backend/billing-service'...
done.
Reset branch 'main'

[dedicated-cli-core]
$ node --test .template-source/cli-core/tests/*.test.mjs (36341ms)
✔ 战略 YAML 清单投影、固定来源与 WORKTREE 仅在临时副本构建 (424.443167ms)
✔ 两家族从离线固定包创建空目录实例，记录新版基线并保留可执行 mode (437.687083ms)
✔ 旧治理目录仅在显式迁移时转入新目录，保留项目 tracker 配置 (535.043375ms)
✔ 显式迁移不覆盖已修改的旧治理文件 (223.840792ms)
✔ 已初始化实例升级到 Harness profile schema v2 后仍可同步 (476.042875ms)
✔ 通用命令只读、README 保留、退出分发必须显式 prune (1838.569333ms)
✔ attach 默认与 dry-run 零写入，碰撞整次暂停，force 备份且业务文件保持原样 (357.41225ms)
✔ 普通无碰撞仓 attach 预览可应用计划但不创建状态目录 (43.973708ms)
✔ 旧格式、旧 profile、异族、多身份、未知schema和链接拒绝且 force 无法绕过 (458.035208ms)
✔ sync 三方规则：本地保留、模板升级、新增、删除和冲突整次暂停 (480.379792ms)
✔ init dry-run 无写入；非空目录、未知基线、目录碰撞、嵌套仓库和快照越界均拒绝 (463.367208ms)
✔ 写入失败自动恢复内容与 metadata，备份失败不应用计划 (573.741375ms)
✔ 进程中断后预览只诊断；下次 apply 恢复再允许重试 (575.36625ms)
✔ update/upgrade 使用固定包名检查新版，源码安装仅输出指引且实例不变 (407.215458ms)
✔ init --git-init 创建独立 Git；非法参数不留下项目 (298.556083ms)
✔ 未检出的声明 gitlink、硬链接、未知状态目录和跨家族恢复保持零写入 (127.474959ms)
✔ 并发修改和恢复失败保留外部修改，明确报告未恢复路径 (325.3335ms)
✔ 中断恢复前拒绝旧身份、嵌套仓库、声明gitlink及损坏备份，整次零写入 (1416.050542ms)
✔ 实际入口尾斜杠的全局安装识别保留 -g，upgrade 不降级 (101.618084ms)
✔ 重复身份字段不能通过 force 同步 (236.787125ms)
✔ 真实入口禁止在 CLI 包内子目录初始化，不破坏受锁核心 (42.532791ms)
✔ update --force 不把较新 CLI 降级到 registry 的旧版本 (66.307875ms)
✔ 技能退役清理空目录，但保留用户文件；失败后恢复技能 (801.238417ms)
✔ 同步与接入保留已有业务词汇表，即使模板同时更新且传入 force (1780.053709ms)
✔ WAL 兼容旧 progress 恢复，忽略未完成尾部且拒绝完整损坏记录 (1154.314709ms)
✔ WAL 和目标持久化阶段失败均回滚且不推进 metadata (2106.855167ms)
✔ 持久化模型：目录项未落盘时恢复接受 before/after 混合状态 (394.590833ms)
✔ 持久化顺序：WAL 与文件 fsync 先于 rename，目录屏障先于 metadata (388.319333ms)
✔ 初始化先持久化新目标的父目录；父目录刷盘失败不写入业务文件 (306.376209ms)
▶ 持久化边界矩阵：异常与进程中断都保留可证明的恢复状态
  ✔ backup/throw (290.847625ms)
  ✔ backup/kill (321.627084ms)
  ✔ wal-write/throw (320.925209ms)
  ✔ wal-write/kill (392.998375ms)
  ✔ wal-fsync/throw (326.611083ms)
  ✔ wal-fsync/kill (377.01ms)
  ✔ target-fsync/throw (341.023375ms)
  ✔ target-fsync/kill (391.683041ms)
  ✔ rename/throw (338.316791ms)
  ✔ rename/kill (420.0185ms)
  ✔ directory/throw (356.332375ms)
  ✔ directory/kill (422.584542ms)
  ✔ commit/throw (387.824875ms)
  ✔ commit/kill (395.170709ms)
✔ 持久化边界矩阵：异常与进程中断都保留可证明的恢复状态 (5127.206709ms)
✔ 临时文件被用户修改或在独占创建前抢占时保留恢复清单 (702.015625ms)
✔ 三家族 .gitignore 区块保留用户字节，损坏标记阻断，prune 不删修改文件 (1314.0095ms)
✔ 三家族手册退出分发仅由 prune 删除未修改 baseline (1615.702333ms)
✔ 三家族参数、异族、硬链接和嵌套仓库不能经新命令绕过 (3182.443708ms)
✔ 战略 v1 缺少证据不迁移，合法来源仅在 apply 转换，未知 mode 不授予 prune (549.508666ms)
✔ 三家族真实写入、中断、备份损坏、并发修改及校验失败均保持恢复边界 (7017.008042ms)
✔ tracker remains project-owned on sync and force; new init enables stage tracking (332.236458ms)
ℹ tests 51
ℹ suites 0
ℹ pass 51
ℹ fail 0
ℹ cancelled 0
ℹ skipped 0
ℹ todo 0
ℹ duration_ms 36308.378875

[frontend-delivery]
$ scripts/verify-frontend-delivery-scenarios (35414ms)
✔ Frontend-only v4 可先完成战略预检，并以 backend-not-applicable 接收 (3009.230666ms)
▶ 战略与后端交付联合接收：便携、真实服务、拒绝不完整/过期输入及执行入口绕过
  ✔ 旧 Spec 摘要阻断战略交付，恢复源字节后可继续 (179.448417ms)
  ✔ 导出拒绝缺失场景、篡改接口及错误批准 (699.020583ms)
  ✔ 草案/缺少两类产物不能进入前端任务 (70.934334ms)
  ✔ 源仓消失后可验 ZIP 并独立恢复；输入就绪不授予代码实施 (6296.719584ms)
  ✔ 实现边界读取持久化合同并冻结接收记录及用例字节 (3822.946416ms)
  ✔ 部署版本/数据失配与服务失败使旧接收记录失效 (11489.649542ms)
  ✔ 范围、摘要和逐条承接缺口均拒绝 (5632.334709ms)
  ✔ 已导入更新版本阻断旧切片；包篡改拒绝 (477.542042ms)
✔ 战略与后端交付联合接收：便携、真实服务、拒绝不完整/过期输入及执行入口绕过 (32334.334375ms)
ℹ tests 10
ℹ suites 0
ℹ pass 10
ℹ fail 0
ℹ cancelled 0
ℹ skipped 0
ℹ todo 0
ℹ duration_ms 35346.406666
$ node .template-source/scripts/verify-delivery-harness-distribution.mjs (58344ms)
backend: 初始化身份、独立入口、禁止覆盖和跨端任务边界通过
frontend: 初始化身份、独立入口、禁止覆盖和跨端任务边界通过
模板核验失败: 验证被中断
