✔ new Plan: unique parent, inline item, no slice; check and plan are read-only (171.057792ms)
✔ Design entry uses checkpoint and never engineering parent (146.789041ms)
✔ existing Spec entry preserves approvals and records entry stage, not historical completion (79.383708ms)
✔ independent item has no duplicate progress; definition drift fails (147.99275ms)
✔ completion requires mapped, current evidence and frozen source digests (287.815ms)
✔ refresh propagates only to dependents and retains previous evidence (77.782792ms)
✔ blocked dependency prevents start; unrelated work remains valid (286.298042ms)
✔ missing items block migration instead of inventing owner or acceptance (3.079125ms)
✔ legacy project accepted; enabled missing checkpoint ref rejected at transition (3.246167ms)
✔ transition requires current unit closure and persisted state (218.716958ms)
✔ stage item cannot receive implementation readiness (206.053791ms)
✔ migration rejects source drift and altered plan; failed writes roll back (10.9975ms)
✔ migration protects symlink paths and profile boundaries (2.488083ms)
✔ remote tracker stays pending; local requires no remote issue (78.727458ms)
✔ CLI check/plan/apply roundtrip and meaningful exit codes (376.123875ms)
✔ deferral needs independent record and remains non-completed (289.101833ms)
✔ public transition entry cannot bypass tracking with a claimed WER (12.81625ms)
✔ dispatch rejects missing registration and permits independent pending work (215.9135ms)
✔ checkpoint schema embeds the canonical stage tracking schema exactly (0.590166ms)
✔ source changes during apply are detected and preserved while own writes roll back (8.230625ms)
✔ migration preserves existing stable feature IDs independently of folder slugs (146.428708ms)
✔ a quoted stage-work-item moved under issues still cannot become an implementation ticket (1.875625ms)
✔ manual checkpoint edits cannot bypass required owner splitting (147.45775ms)
ℹ tests 23
ℹ suites 0
ℹ pass 23
ℹ fail 0
ℹ cancelled 0
ℹ skipped 0
ℹ todo 0
ℹ duration_ms 2969.323542
