✔ ordinary engineering work reuses explicit authorization through public approval and CLI (445.675208ms)
✔ product design can continue after independent review without a repeated human reply (74.908375ms)
✔ source approval continuation is verified by all three dedicated receivers (789.538667ms)
✔ Plan entry consumes continuation and still blocks incomplete checks (157.830541ms)
✔ implementation continuation preserves contract, repository and write-path checks (217.305667ms)
✔ conflicting direct decision and continuation references are rejected (2.008166ms)
✔ no reply and revoked source authorization cannot continue (144.059584ms)
✔ new scope, new target and side effects cannot inherit authorization (6.378584ms)
✔ material changes and unclassified changes require a decision (142.372125ms)
✔ new risk, quality reduction or changed authorization cannot be labelled cosmetic (288.285167ms)
✔ self review, wrong expertise, missing comparisons and stale verification block (280.964291ms)
✔ external policy unknown, missing approvals and changed policy cannot be waived (358.016375ms)
✔ suggestions do not block, unresolved defects and missing evidence do (276.608834ms)
✔ formatting refresh requires new current review but not another source reply (143.387042ms)
✔ older receivers without continuation capability reject rather than silently approve (4.055375ms)
✔ one review bundle retains explicit per-check outcomes and rejects duplicates (11.4395ms)
ℹ tests 16
ℹ suites 0
ℹ pass 16
ℹ fail 0
ℹ cancelled 0
ℹ skipped 0
ℹ todo 0
ℹ duration_ms 3406.431459
