✔ 数据分析初始化生成 H2 六模块和独立治理信封 (3399.838167ms)
✔ 数据分析 Profile 缺少 CONTEXT handoff 或独立 Git 合同时零写入阻断 (131.422792ms)
✔ 旧数据库和 Mock 参数在写入前被拒绝 (115.760458ms)
✔ 统一 Project Scaffold Contract v4 可生成 Layered MVC 后端并保留设计门禁 (602.227625ms)
✔ 数据影响为 required 时绑定数据架构后可生成 Layered MVC 后端 (619.216417ms)
✔ API 影响为 required 时绑定同字节 Draft、Validation、Review 和 Freeze 后可生成 Layered MVC 后端 (679.548459ms)
✔ 缺少设计门禁时在写文件前拒绝 Layered MVC 新生成 (133.535167ms)
✔ 技术和数据设计齐全但缺少 API Decision 时在写文件前拒绝 Layered MVC 新生成 (132.025583ms)
✔ API Draft、Validation、Review 或工程批准异常时均在零写入状态阻断 Layered MVC (2254.636791ms)
✔ schema v3 只读兼容但禁止用于 Layered MVC 新生成 (61.949708ms)
﹣ 可选离线 Maven 可行性检查（不替代受控仓库验收） (0.077792ms) # SKIP
✔ 生成 h2 基础 Profile (585.312167ms)
✔ 能力闭包 basic (579.538875ms)
✔ 能力闭包 adapter (584.144583ms)
✔ 能力闭包 client (581.014958ms)
✔ 能力闭包 feign (587.90375ms)
✔ 能力闭包 combined (588.757625ms)
✔ 选择缺失、digest 漂移和非空目标均阻断 (317.694917ms)
ℹ tests 18
ℹ suites 0
ℹ pass 17
ℹ fail 0
ℹ cancelled 0
ℹ skipped 1
ℹ todo 0
ℹ duration_ms 12016.866209
